<html>
<body>
<pre>
<h1>µVision Build Log</h1>
<h2>Tool Versions:</h2>
IDE-Version: ¦ÌVision V5.37.0.0
Copyright (C) 2022 ARM Ltd and ARM Germany GmbH. All rights reserved.
License Information: guo jia, shanghaiyongji, LIC=NQQMA-1M20Q-DYVV3-AG0EJ-RK7DW-QKB2A
 
Tool Versions:
Toolchain:       MDK-ARM Plus  Version: 5.37.0.0
Toolchain Path:  C:\Keil_v5\ARM\ARMCCv506u7\Bin
C Compiler:      Armcc.exe V5.06 update 7 (build 960)
Assembler:       Armasm.exe V5.06 update 7 (build 960)
Linker/Locator:  ArmLink.exe V5.06 update 7 (build 960)
Library Manager: ArmAr.exe V5.06 update 7 (build 960)
Hex Converter:   FromElf.exe V5.06 update 7 (build 960)
CPU DLL:         SARMCM3.DLL V5.37.0.0
Dialog DLL:      DCM.DLL V1.17.5.0
Target DLL:      CMSIS_AGDI.dll V1.33.12.0
Dialog DLL:      TCM.DLL V1.56.1.0
 
<h2>Project:</h2>
C:\embedded\Ethernet IO Module\Project\Fire-LwIP.uvprojx
Project File Date:  07/19/2022

<h2>Output:</h2>
*** Using Compiler 'V5.06 update 7 (build 960)', folder: 'C:\Keil_v5\ARM\ARMCCv506u7\Bin'
Build target 'Fire-LwIP'
compiling bsp_i2c_ee.c...
..\User\i2c\bsp_i2c_ee.c(281): warning:  #181-D: argument is incompatible with corresponding format string conversion
  	if (sscanf((char *)I2c_Buf_Read, "%d.%d.%d.%d:%d", &ip_addr0,&ip_addr1,&ip_addr2,&ip_addr3,&ip_port) == 5)
..\User\i2c\bsp_i2c_ee.c(281): warning:  #181-D: argument is incompatible with corresponding format string conversion
  	if (sscanf((char *)I2c_Buf_Read, "%d.%d.%d.%d:%d", &ip_addr0,&ip_addr1,&ip_addr2,&ip_addr3,&ip_port) == 5)
..\User\i2c\bsp_i2c_ee.c(281): warning:  #181-D: argument is incompatible with corresponding format string conversion
  	if (sscanf((char *)I2c_Buf_Read, "%d.%d.%d.%d:%d", &ip_addr0,&ip_addr1,&ip_addr2,&ip_addr3,&ip_port) == 5)
..\User\i2c\bsp_i2c_ee.c(281): warning:  #181-D: argument is incompatible with corresponding format string conversion
  	if (sscanf((char *)I2c_Buf_Read, "%d.%d.%d.%d:%d", &ip_addr0,&ip_addr1,&ip_addr2,&ip_addr3,&ip_port) == 5)
..\User\i2c\bsp_i2c_ee.c(281): warning:  #181-D: argument is incompatible with corresponding format string conversion
  	if (sscanf((char *)I2c_Buf_Read, "%d.%d.%d.%d:%d", &ip_addr0,&ip_addr1,&ip_addr2,&ip_addr3,&ip_port) == 5)
..\User\i2c\bsp_i2c_ee.c: 5 warnings, 0 errors
compiling main.c...
..\User\main.c(230): warning:  #181-D: argument is incompatible with corresponding format string conversion
  			int xx = sscanf((char *)Usart_Rx_Buf, "%d.%d.%d.%d:%d", &Checkip0,&Checkip0,&Checkip0,&Checkip0,&Checkport);
..\User\main.c(230): warning:  #181-D: argument is incompatible with corresponding format string conversion
  			int xx = sscanf((char *)Usart_Rx_Buf, "%d.%d.%d.%d:%d", &Checkip0,&Checkip0,&Checkip0,&Checkip0,&Checkport);
..\User\main.c(230): warning:  #181-D: argument is incompatible with corresponding format string conversion
  			int xx = sscanf((char *)Usart_Rx_Buf, "%d.%d.%d.%d:%d", &Checkip0,&Checkip0,&Checkip0,&Checkip0,&Checkport);
..\User\main.c(230): warning:  #181-D: argument is incompatible with corresponding format string conversion
  			int xx = sscanf((char *)Usart_Rx_Buf, "%d.%d.%d.%d:%d", &Checkip0,&Checkip0,&Checkip0,&Checkip0,&Checkport);
..\User\main.c(230): warning:  #181-D: argument is incompatible with corresponding format string conversion
  			int xx = sscanf((char *)Usart_Rx_Buf, "%d.%d.%d.%d:%d", &Checkip0,&Checkip0,&Checkip0,&Checkip0,&Checkport);
..\User\main.c(231): warning:  #181-D: argument is incompatible with corresponding format string conversion
  			if (sscanf((char *)Usart_Rx_Buf, "%d.%d.%d.%d:%d", &Checkip0,&Checkip0,&Checkip0,&Checkip0,&Checkport) == 5)
..\User\main.c(231): warning:  #181-D: argument is incompatible with corresponding format string conversion
  			if (sscanf((char *)Usart_Rx_Buf, "%d.%d.%d.%d:%d", &Checkip0,&Checkip0,&Checkip0,&Checkip0,&Checkport) == 5)
..\User\main.c(231): warning:  #181-D: argument is incompatible with corresponding format string conversion
  			if (sscanf((char *)Usart_Rx_Buf, "%d.%d.%d.%d:%d", &Checkip0,&Checkip0,&Checkip0,&Checkip0,&Checkport) == 5)
..\User\main.c(231): warning:  #181-D: argument is incompatible with corresponding format string conversion
  			if (sscanf((char *)Usart_Rx_Buf, "%d.%d.%d.%d:%d", &Checkip0,&Checkip0,&Checkip0,&Checkip0,&Checkport) == 5)
..\User\main.c(231): warning:  #181-D: argument is incompatible with corresponding format string conversion
  			if (sscanf((char *)Usart_Rx_Buf, "%d.%d.%d.%d:%d", &Checkip0,&Checkip0,&Checkip0,&Checkip0,&Checkport) == 5)
..\User\main.c(234): warning:  #223-D: function "I2C_Write_EE_IP" declared implicitly
  					I2C_Write_EE_IP(&Usart_Rx_Buf);
..\User\main.c(223): warning:  #177-D: variable "Checkip1"  was declared but never referenced
  	uint16_t Checkip0,Checkip1,Checkip2,Checkip3,Checkport;
..\User\main.c(223): warning:  #177-D: variable "Checkip2"  was declared but never referenced
  	uint16_t Checkip0,Checkip1,Checkip2,Checkip3,Checkport;
..\User\main.c(223): warning:  #177-D: variable "Checkip3"  was declared but never referenced
  	uint16_t Checkip0,Checkip1,Checkip2,Checkip3,Checkport;
..\User\main.c: 14 warnings, 0 errors
linking...
Program Size: Code=72948 RO-data=3668 RW-data=448 ZI-data=114760  
FromELF: creating hex file...
"..\Output\LwIP_F407.axf" - 0 Error(s), 19 Warning(s).

<h2>Software Packages used:</h2>

Package Vendor: Keil
                http://www.keil.com/pack/Keil.STM32F4xx_DFP.2.16.0.pack
                Keil.STM32F4xx_DFP.2.16.0
                STMicroelectronics STM32F4 Series Device Support, Drivers and Examples

<h2>Collection of Component include folders:</h2>
  C:/Users/Administrator/AppData/Local/Arm/Packs/Keil/STM32F4xx_DFP/2.16.0/Drivers/CMSIS/Device/ST/STM32F4xx/Include

<h2>Collection of Component Files used:</h2>
Build Time Elapsed:  00:00:04
</pre>
</body>
</html>
