Component: ARM Compiler 5.06 update 7 (build 960) Tool: armlink [4d3601]

==============================================================================

Section Cross References

    system_stm32f4xx.o(i.SystemCoreClockUpdate) refers to system_stm32f4xx.o(.data) for .data
    system_stm32f4xx.o(i.SystemCoreClockUpdate) refers to system_stm32f4xx.o(.constdata) for .constdata
    startup_stm32f407xx.o(RESET) refers to startup_stm32f407xx.o(STACK) for __initial_sp
    startup_stm32f407xx.o(RESET) refers to startup_stm32f407xx.o(.text) for Reset_Handler
    startup_stm32f407xx.o(RESET) refers to stm32f4xx_it.o(i.NMI_Handler) for NMI_Handler
    startup_stm32f407xx.o(RESET) refers to cmb_fault.o(.text) for HardFault_Handler
    startup_stm32f407xx.o(RESET) refers to stm32f4xx_it.o(i.MemManage_Handler) for MemManage_Handler
    startup_stm32f407xx.o(RESET) refers to stm32f4xx_it.o(i.BusFault_Handler) for BusFault_Handler
    startup_stm32f407xx.o(RESET) refers to stm32f4xx_it.o(i.UsageFault_Handler) for UsageFault_Handler
    startup_stm32f407xx.o(RESET) refers to port.o(.emb_text) for SVC_Handler
    startup_stm32f407xx.o(RESET) refers to stm32f4xx_it.o(i.DebugMon_Handler) for DebugMon_Handler
    startup_stm32f407xx.o(RESET) refers to stm32f4xx_it.o(i.SysTick_Handler) for SysTick_Handler
    startup_stm32f407xx.o(RESET) refers to stm32f4xx_it.o(i.EXTI0_IRQHandler) for EXTI0_IRQHandler
    startup_stm32f407xx.o(RESET) refers to stm32f4xx_it.o(i.USART1_IRQHandler) for USART1_IRQHandler
    startup_stm32f407xx.o(RESET) refers to stm32f4xx_it.o(i.EXTI15_10_IRQHandler) for EXTI15_10_IRQHandler
    startup_stm32f407xx.o(RESET) refers to bsp_eth.o(i.ETH_IRQHandler) for ETH_IRQHandler
    startup_stm32f407xx.o(RESET) refers to stm32f4xx_it.o(i.DMA2_Stream5_IRQHandler) for DMA2_Stream5_IRQHandler
    startup_stm32f407xx.o(.text) refers to system_stm32f4xx.o(i.SystemInit) for SystemInit
    startup_stm32f407xx.o(.text) refers to entry.o(.ARM.Collect$$$$00000000) for __main
    stm32f4xx_hal.o(i.HAL_DeInit) refers to stm32f4xx_hal.o(i.HAL_MspDeInit) for HAL_MspDeInit
    stm32f4xx_hal.o(i.HAL_Delay) refers to stm32f4xx_hal.o(i.HAL_GetTick) for HAL_GetTick
    stm32f4xx_hal.o(i.HAL_Delay) refers to stm32f4xx_hal.o(.data) for .data
    stm32f4xx_hal.o(i.HAL_GetTick) refers to stm32f4xx_hal.o(.data) for .data
    stm32f4xx_hal.o(i.HAL_GetTickFreq) refers to stm32f4xx_hal.o(.data) for .data
    stm32f4xx_hal.o(i.HAL_GetTickPrio) refers to stm32f4xx_hal.o(.data) for .data
    stm32f4xx_hal.o(i.HAL_IncTick) refers to stm32f4xx_hal.o(.data) for .data
    stm32f4xx_hal.o(i.HAL_Init) refers to stm32f4xx_hal_cortex.o(i.HAL_NVIC_SetPriorityGrouping) for HAL_NVIC_SetPriorityGrouping
    stm32f4xx_hal.o(i.HAL_Init) refers to stm32f4xx_hal.o(i.HAL_InitTick) for HAL_InitTick
    stm32f4xx_hal.o(i.HAL_Init) refers to stm32f4xx_hal.o(i.HAL_MspInit) for HAL_MspInit
    stm32f4xx_hal.o(i.HAL_InitTick) refers to stm32f4xx_hal_cortex.o(i.HAL_SYSTICK_Config) for HAL_SYSTICK_Config
    stm32f4xx_hal.o(i.HAL_InitTick) refers to stm32f4xx_hal_cortex.o(i.HAL_NVIC_SetPriority) for HAL_NVIC_SetPriority
    stm32f4xx_hal.o(i.HAL_InitTick) refers to stm32f4xx_hal.o(.data) for .data
    stm32f4xx_hal.o(i.HAL_InitTick) refers to system_stm32f4xx.o(.data) for SystemCoreClock
    stm32f4xx_hal.o(i.HAL_SetTickFreq) refers to stm32f4xx_hal.o(i.HAL_InitTick) for HAL_InitTick
    stm32f4xx_hal.o(i.HAL_SetTickFreq) refers to stm32f4xx_hal.o(.data) for .data
    stm32f4xx_hal_adc.o(i.ADC_DMAConvCplt) refers to stm32f4xx_hal_adc.o(i.HAL_ADC_ConvCpltCallback) for HAL_ADC_ConvCpltCallback
    stm32f4xx_hal_adc.o(i.ADC_DMAError) refers to stm32f4xx_hal_adc.o(i.HAL_ADC_ErrorCallback) for HAL_ADC_ErrorCallback
    stm32f4xx_hal_adc.o(i.ADC_DMAHalfConvCplt) refers to stm32f4xx_hal_adc.o(i.HAL_ADC_ConvHalfCpltCallback) for HAL_ADC_ConvHalfCpltCallback
    stm32f4xx_hal_adc.o(i.HAL_ADC_ConfigChannel) refers to system_stm32f4xx.o(.data) for SystemCoreClock
    stm32f4xx_hal_adc.o(i.HAL_ADC_DeInit) refers to stm32f4xx_hal_adc.o(i.HAL_ADC_MspDeInit) for HAL_ADC_MspDeInit
    stm32f4xx_hal_adc.o(i.HAL_ADC_IRQHandler) refers to stm32f4xx_hal_adc.o(i.HAL_ADC_ConvCpltCallback) for HAL_ADC_ConvCpltCallback
    stm32f4xx_hal_adc.o(i.HAL_ADC_IRQHandler) refers to stm32f4xx_hal_adc_ex.o(i.HAL_ADCEx_InjectedConvCpltCallback) for HAL_ADCEx_InjectedConvCpltCallback
    stm32f4xx_hal_adc.o(i.HAL_ADC_IRQHandler) refers to stm32f4xx_hal_adc.o(i.HAL_ADC_LevelOutOfWindowCallback) for HAL_ADC_LevelOutOfWindowCallback
    stm32f4xx_hal_adc.o(i.HAL_ADC_IRQHandler) refers to stm32f4xx_hal_adc.o(i.HAL_ADC_ErrorCallback) for HAL_ADC_ErrorCallback
    stm32f4xx_hal_adc.o(i.HAL_ADC_Init) refers to stm32f4xx_hal_adc.o(i.HAL_ADC_MspInit) for HAL_ADC_MspInit
    stm32f4xx_hal_adc.o(i.HAL_ADC_Init) refers to stm32f4xx_hal_adc.o(i.ADC_Init) for ADC_Init
    stm32f4xx_hal_adc.o(i.HAL_ADC_PollForConversion) refers to stm32f4xx_hal.o(i.HAL_GetTick) for HAL_GetTick
[...]
    tcp_pcb_remove                           0x0800d9e5   Thumb Code   124  tcp.o(i.tcp_pcb_remove)
    tcp_poll                                 0x0800dad1   Thumb Code    44  tcp.o(i.tcp_poll)
    tcp_process_refused_data                 0x0800e041   Thumb Code   128  tcp.o(i.tcp_process_refused_data)
    tcp_recv                                 0x0800e659   Thumb Code    28  tcp.o(i.tcp_recv)
    tcp_recv_null                            0x0800e69d   Thumb Code    52  tcp.o(i.tcp_recv_null)
    tcp_recved                               0x0800e6ed   Thumb Code    90  tcp.o(i.tcp_recved)
    tcp_rexmit                               0x0800e7d5   Thumb Code   116  tcp_out.o(i.tcp_rexmit)
    tcp_rexmit_fast                          0x0800e861   Thumb Code   102  tcp_out.o(i.tcp_rexmit_fast)
    tcp_rexmit_rto                           0x0800e8e9   Thumb Code    36  tcp_out.o(i.tcp_rexmit_rto)
    tcp_rexmit_rto_commit                    0x0800e929   Thumb Code    38  tcp_out.o(i.tcp_rexmit_rto_commit)
    tcp_rexmit_rto_prepare                   0x0800e975   Thumb Code   124  tcp_out.o(i.tcp_rexmit_rto_prepare)
    tcp_rst                                  0x0800ea29   Thumb Code   112  tcp_out.o(i.tcp_rst)
    tcp_seg_free                             0x0800ead1   Thumb Code    30  tcp.o(i.tcp_seg_free)
    tcp_segs_free                            0x0800eaef   Thumb Code    18  tcp.o(i.tcp_segs_free)
    tcp_send_empty_ack                       0x0800eb01   Thumb Code   106  tcp_out.o(i.tcp_send_empty_ack)
    tcp_send_fin                             0x0800eb8d   Thumb Code    80  tcp_out.o(i.tcp_send_fin)
    tcp_sent                                 0x0800ebf9   Thumb Code    26  tcp.o(i.tcp_sent)
    tcp_shutdown                             0x0800ec3d   Thumb Code   114  tcp.o(i.tcp_shutdown)
    tcp_slowtmr                              0x0800eccd   Thumb Code   834  tcp.o(i.tcp_slowtmr)
    tcp_split_unsent_seg                     0x0800f1ed   Thumb Code   338  tcp_out.o(i.tcp_split_unsent_seg)
    tcp_timer_needed                         0x0800f3a9   Thumb Code    36  timeouts.o(i.tcp_timer_needed)
    tcp_tmr                                  0x0800f475   Thumb Code    28  tcp.o(i.tcp_tmr)
    tcp_trigger_input_pcb_close              0x0800f495   Thumb Code    12  tcp_in.o(i.tcp_trigger_input_pcb_close)
    tcp_update_rcv_ann_wnd                   0x0800f4a5   Thumb Code    78  tcp.o(i.tcp_update_rcv_ann_wnd)
    tcp_write                                0x0800f535   Thumb Code  1032  tcp_out.o(i.tcp_write)
    tcp_zero_window_probe                    0x0800fc41   Thumb Code   198  tcp_out.o(i.tcp_zero_window_probe)
    tcpip_init                               0x0800fd2d   Thumb Code    68  tcpip.o(i.tcpip_init)
    tcpip_inpkt                              0x0800fdc9   Thumb Code    80  tcpip.o(i.tcpip_inpkt)
    tcpip_input                              0x0800fe2d   Thumb Code    22  tcpip.o(i.tcpip_input)
    tcpip_send_msg_wait_sem                  0x0800fe4d   Thumb Code    26  tcpip.o(i.tcpip_send_msg_wait_sem)
    udp_bind                                 0x0800ffcd   Thumb Code   136  udp.o(i.udp_bind)
    udp_connect                              0x08010075   Thumb Code   102  udp.o(i.udp_connect)
    udp_init                                 0x08010119   Thumb Code     2  udp.o(i.udp_init)
    udp_input                                0x0801011d   Thumb Code   342  udp.o(i.udp_input)
    udp_netif_ip_addr_changed                0x08010381   Thumb Code    48  udp.o(i.udp_netif_ip_addr_changed)
    udp_new                                  0x080103b5   Thumb Code    28  udp.o(i.udp_new)
    udp_new_ip_type                          0x080103d1   Thumb Code     4  udp.o(i.udp_new_ip_type)
    udp_recv                                 0x0801041d   Thumb Code    16  udp.o(i.udp_recv)
    udp_remove                               0x08010445   Thumb Code    52  udp.o(i.udp_remove)
    udp_sendto_if                            0x08010495   Thumb Code   100  udp.o(i.udp_sendto_if)
    udp_sendto_if_src                        0x08010571   Thumb Code   264  udp.o(i.udp_sendto_if_src)
    ulTaskNotifyTake                         0x08010755   Thumb Code    96  tasks.o(i.ulTaskNotifyTake)
    uxListRemove                             0x080107bd   Thumb Code    36  list.o(i.uxListRemove)
    uxQueueMessagesWaiting                   0x080107e1   Thumb Code    34  queue.o(i.uxQueueMessagesWaiting)
    vListInitialise                          0x0801082d   Thumb Code    22  list.o(i.vListInitialise)
    vListInitialiseItem                      0x08010843   Thumb Code     6  list.o(i.vListInitialiseItem)
    vListInsert                              0x08010849   Thumb Code    48  list.o(i.vListInsert)
    vListInsertEnd                           0x08010879   Thumb Code    24  list.o(i.vListInsertEnd)
    vPortEnterCritical                       0x08010891   Thumb Code    50  port.o(i.vPortEnterCritical)
    vPortExitCritical                        0x08010905   Thumb Code    38  port.o(i.vPortExitCritical)
    vPortFree                                0x08010969   Thumb Code    94  heap_4.o(i.vPortFree)
    vPortSetupTimerInterrupt                 0x08010a01   Thumb Code    26  port.o(i.vPortSetupTimerInterrupt)
    vPortValidateInterruptPriority           0x08010a21   Thumb Code    70  port.o(i.vPortValidateInterruptPriority)
    vQueueAddToRegistry                      0x08010aa9   Thumb Code    32  queue.o(i.vQueueAddToRegistry)
    vQueueDelete                             0x08010acd   Thumb Code    36  queue.o(i.vQueueDelete)
    vQueueUnregisterQueue                    0x08010b19   Thumb Code    36  queue.o(i.vQueueUnregisterQueue)
    vQueueWaitForMessageRestricted           0x08010b41   Thumb Code    70  queue.o(i.vQueueWaitForMessageRestricted)
    vTaskDelay                               0x08010b89   Thumb Code    66  tasks.o(i.vTaskDelay)
    vTaskDelete                              0x08010bfd   Thumb Code   152  tasks.o(i.vTaskDelete)
    vTaskMissedYield                         0x08010ccd   Thumb Code     8  tasks.o(i.vTaskMissedYield)
    vTaskNotifyGiveFromISR                   0x08010cd9   Thumb Code   168  tasks.o(i.vTaskNotifyGiveFromISR)
    vTaskPlaceOnEventList                    0x08010db5   Thumb Code    46  tasks.o(i.vTaskPlaceOnEventList)
    vTaskPlaceOnEventListRestricted          0x08010e11   Thumb Code    54  tasks.o(i.vTaskPlaceOnEventListRestricted)
    vTaskPriorityInherit                     0x08010e75   Thumb Code   126  tasks.o(i.vTaskPriorityInherit)
    vTaskSetTimeOutState                     0x08010efd   Thumb Code    32  tasks.o(i.vTaskSetTimeOutState)
    vTaskStartScheduler                      0x08010f49   Thumb Code    96  tasks.o(i.vTaskStartScheduler)
    vTaskSuspendAll                          0x08010fe1   Thumb Code    10  tasks.o(i.vTaskSuspendAll)
    vTaskSwitchContext                       0x08010ff1   Thumb Code    84  tasks.o(i.vTaskSwitchContext)
    xPortStartScheduler                      0x08011075   Thumb Code   192  port.o(i.xPortStartScheduler)
    xPortSysTickHandler                      0x08011181   Thumb Code    38  port.o(i.xPortSysTickHandler)
    xQueueCreateCountingSemaphore            0x080111ad   Thumb Code    56  queue.o(i.xQueueCreateCountingSemaphore)
    xQueueCreateMutex                        0x0801120d   Thumb Code    24  queue.o(i.xQueueCreateMutex)
    xQueueGenericCreate                      0x08011225   Thumb Code    64  queue.o(i.xQueueGenericCreate)
    xQueueGenericReceive                     0x0801128d   Thumb Code   374  queue.o(i.xQueueGenericReceive)
    xQueueGenericReset                       0x08011431   Thumb Code   130  queue.o(i.xQueueGenericReset)
    xQueueGenericSend                        0x080114e1   Thumb Code   334  queue.o(i.xQueueGenericSend)
    xQueueGenericSendFromISR                 0x0801165d   Thumb Code   176  queue.o(i.xQueueGenericSendFromISR)
    xQueueGiveFromISR                        0x08011735   Thumb Code   146  queue.o(i.xQueueGiveFromISR)
    xTaskCheckForTimeOut                     0x080117f1   Thumb Code   104  tasks.o(i.xTaskCheckForTimeOut)
    xTaskCreate                              0x08011885   Thumb Code    96  tasks.o(i.xTaskCreate)
    xTaskGenericNotify                       0x080118e5   Thumb Code   188  tasks.o(i.xTaskGenericNotify)
    xTaskGetSchedulerState                   0x080119d5   Thumb Code    24  tasks.o(i.xTaskGetSchedulerState)
    xTaskGetTickCount                        0x080119f1   Thumb Code     6  tasks.o(i.xTaskGetTickCount)
    xTaskIncrementTick                       0x080119fd   Thumb Code   192  tasks.o(i.xTaskIncrementTick)
    xTaskPriorityDisinherit                  0x08011aed   Thumb Code   136  tasks.o(i.xTaskPriorityDisinherit)
    xTaskRemoveFromEventList                 0x08011ba5   Thumb Code   108  tasks.o(i.xTaskRemoveFromEventList)
    xTaskResumeAll                           0x08011c45   Thumb Code   184  tasks.o(i.xTaskResumeAll)
    xTimerCreate                             0x08011d35   Thumb Code    46  timers.o(i.xTimerCreate)
    xTimerCreateTimerTask                    0x08011d65   Thumb Code    58  timers.o(i.xTimerCreateTimerTask)
    xTimerGenericCommand                     0x08011ddd   Thumb Code   110  timers.o(i.xTimerGenericCommand)
    AHBPrescTable                            0x08011e7c   Data          16  system_stm32f4xx.o(.constdata)
    APBPrescTable                            0x08011e8c   Data           8  system_stm32f4xx.o(.constdata)
    netconn_aborted                          0x08011e9c   Data           1  api_msg.o(.constdata)
    netconn_reset                            0x08011e9d   Data           1  api_msg.o(.constdata)
    netconn_closed                           0x08011e9e   Data           1  api_msg.o(.constdata)
    memp_UDP_PCB                             0x08011ea0   Data          12  memp.o(.constdata)
    memp_TCP_PCB                             0x08011eac   Data          12  memp.o(.constdata)
    memp_TCP_PCB_LISTEN                      0x08011eb8   Data          12  memp.o(.constdata)
    memp_TCP_SEG                             0x08011ec4   Data          12  memp.o(.constdata)
    memp_REASSDATA                           0x08011ed0   Data          12  memp.o(.constdata)
    memp_FRAG_PBUF                           0x08011edc   Data          12  memp.o(.constdata)
    memp_NETBUF                              0x08011ee8   Data          12  memp.o(.constdata)
    memp_NETCONN                             0x08011ef4   Data          12  memp.o(.constdata)
    memp_TCPIP_MSG_API                       0x08011f00   Data          12  memp.o(.constdata)
    memp_TCPIP_MSG_INPKT                     0x08011f0c   Data          12  memp.o(.constdata)
    memp_SYS_TIMEOUT                         0x08011f18   Data          12  memp.o(.constdata)
    memp_PBUF                                0x08011f24   Data          12  memp.o(.constdata)
    memp_PBUF_POOL                           0x08011f30   Data          12  memp.o(.constdata)
    memp_pools                               0x08011f3c   Data          52  memp.o(.constdata)
    tcp_pcb_lists                            0x08011fb4   Data          16  tcp.o(.constdata)
    lwip_cyclic_timers                       0x08011fc4   Data          40  timeouts.o(.constdata)
    ip_addr_any                              0x08011fec   Data           4  ip4_addr.o(.constdata)
    ip_addr_broadcast                        0x08011ff0   Data           4  ip4_addr.o(.constdata)
    ethbroadcast                             0x08011ff4   Data           6  ethernet.o(.constdata)
    ethzero                                  0x08011ffa   Data           6  ethernet.o(.constdata)
    __ctype_table                            0x080120dc   Data         129  ctype_o.o(.constdata)
    Region$$Table$$Base                      0x08012b28   Number         0  anon$$obj.o(Region$$Table)
    Image$$ER_IROM1$$Limit                   0x08012b48   Number         0  anon$$obj.o ABSOLUTE
    Region$$Table$$Limit                     0x08012b48   Number         0  anon$$obj.o(Region$$Table)
    SystemCoreClock                          0x20000000   Data           4  system_stm32f4xx.o(.data)
    uwTickFreq                               0x20000004   Data           1  stm32f4xx_hal.o(.data)
    uwTickPrio                               0x20000008   Data           4  stm32f4xx_hal.o(.data)
    uwTick                                   0x2000000c   Data           4  stm32f4xx_hal.o(.data)
    I2ceeprom_Task_Handle                    0x20000014   Data           4  main.o(.data)
    ip_addr0                                 0x2000001c   Data           2  client.o(.data)
    ip_addr1                                 0x2000001e   Data           2  client.o(.data)
    ip_addr2                                 0x20000020   Data           2  client.o(.data)
    ip_addr3                                 0x20000022   Data           2  client.o(.data)
    ip_port                                  0x20000024   Data           2  client.o(.data)
    Ethsend_Task_Handle                      0x20000028   Data           4  client.o(.data)
    Ethrecv_Task_Handle                      0x2000002c   Data           4  client.o(.data)
    pxCurrentTCB                             0x20000034   Data           4  tasks.o(.data)
    lock_tcpip_core                          0x200000b4   Data           4  tcpip.o(.data)
    netif_list                               0x20000100   Data           4  netif.o(.data)
    netif_default                            0x20000104   Data           4  netif.o(.data)
    tcp_active_pcbs_changed                  0x20000108   Data           1  tcp.o(.data)
    tcp_ticks                                0x20000114   Data           4  tcp.o(.data)
    tcp_bound_pcbs                           0x20000118   Data           4  tcp.o(.data)
    tcp_listen_pcbs                          0x2000011c   Data           4  tcp.o(.data)
    tcp_active_pcbs                          0x20000120   Data           4  tcp.o(.data)
    tcp_tw_pcbs                              0x20000124   Data           4  tcp.o(.data)
    tcp_input_pcb                            0x20000148   Data           4  tcp_in.o(.data)
    udp_pcbs                                 0x2000015c   Data           4  udp.o(.data)
    dhcp_rx_options_given                    0x2000016c   Data           8  dhcp.o(.data)
    s_xSemaphore                             0x20000180   Data           4  ethernetif.o(.data)
    tx_sem                                   0x20000184   Data           4  ethernetif.o(.data)
    eth_tx_mb                                0x20000188   Data           4  ethernetif.o(.data)
    lwip_sys_now                             0x20000194   Data           4  sys_arch.o(.data)
    ipaddr                                   0x20000198   Data           4  sys_arch.o(.data)
    netmask                                  0x2000019c   Data           4  sys_arch.o(.data)
    gw                                       0x200001a0   Data           4  sys_arch.o(.data)
    __stdout                                 0x200001bc   Data           4  stdout.o(.data)
    DMA_Handle                               0x200001c0   Data          96  bsp_debug_usart.o(.bss)
    UartHandle                               0x20000220   Data          64  bsp_debug_usart.o(.bss)
    Usart_Rx_Buf                             0x20000260   Data        1024  bsp_debug_usart.o(.bss)
    heth                                     0x20000660   Data          72  bsp_eth.o(.bss)
    DMARxDscrTab                             0x200006a8   Data         256  bsp_eth.o(.bss)
    DMATxDscrTab                             0x200007a8   Data         256  bsp_eth.o(.bss)
    Rx_Buff                                  0x200008a8   Data       12192  bsp_eth.o(.bss)
    Tx_Buff                                  0x20003848   Data       12192  bsp_eth.o(.bss)
    I2C_Handle                               0x200067e8   Data          84  bsp_i2c_ee.o(.bss)
    I2c_Buf_Read                             0x2000683c   Data          20  bsp_i2c_ee.o(.bss)
    xQueueRegistry                           0x20006850   Data          80  queue.o(.bss)
    ip_data                                  0x2000cfac   Data          24  ip.o(.bss)
    ram_heap                                 0x2000cfc4   Data       25619  mem.o(.bss)
    memp_memory_UDP_PCB_base                 0x200133d7   Data         131  memp.o(.bss)
    memp_memory_TCP_PCB_base                 0x2001345a   Data         611  memp.o(.bss)
    memp_memory_TCP_PCB_LISTEN_base          0x200136bd   Data          59  memp.o(.bss)
    memp_memory_TCP_SEG_base                 0x200136f8   Data        1923  memp.o(.bss)
    memp_memory_REASSDATA_base               0x20013e7b   Data         163  memp.o(.bss)
    memp_memory_FRAG_PBUF_base               0x20013f1e   Data         363  memp.o(.bss)
    memp_memory_NETBUF_base                  0x20014089   Data          35  memp.o(.bss)
    memp_memory_NETCONN_base                 0x200140ac   Data         163  memp.o(.bss)
    memp_memory_TCPIP_MSG_API_base           0x2001414f   Data         131  memp.o(.bss)
    memp_memory_TCPIP_MSG_INPKT_base         0x200141d2   Data         131  memp.o(.bss)
    memp_memory_SYS_TIMEOUT_base             0x20014255   Data          99  memp.o(.bss)
    memp_memory_PBUF_base                    0x200142b8   Data         243  memp.o(.bss)
    memp_memory_PBUF_POOL_base               0x200143ab   Data       30643  memp.o(.bss)
    dhcp_rx_options_val                      0x2001bb70   Data          32  dhcp.o(.bss)
    gnetif                                   0x2001bca0   Data          52  sys_arch.o(.bss)
    STACK$$Base                              0x2001be08   Number         0  startup_stm32f407xx.o(STACK)
    STACK$$Limit                             0x2001c208   Number         0  startup_stm32f407xx.o(STACK)
    __initial_sp                             0x2001c208   Data           0  startup_stm32f407xx.o(STACK)



==============================================================================

Memory Map of the image

  Image Entry point : 0x08000189

  Load Region LR_IROM1 (Base: 0x08000000, Size: 0x00012d08, Max: 0x00100000, ABSOLUTE, COMPRESSED[0x00012b68])

    Execution Region ER_IROM1 (Exec base: 0x08000000, Load base: 0x08000000, Size: 0x00012b48, Max: 0x00100000, ABSOLUTE)

    Exec Addr    Load Addr    Size         Type   Attr      Idx    E Section Name        Object

    0x08000000   0x08000000   0x00000188   Data   RO          247    RESET               startup_stm32f407xx.o
    0x08000188   0x08000188   0x00000000   Code   RO        14066  * .ARM.Collect$$$$00000000  mc_w.l(entry.o)
    0x08000188   0x08000188   0x00000004   Code   RO        14384    .ARM.Collect$$$$00000001  mc_w.l(entry2.o)
    0x0800018c   0x0800018c   0x00000004   Code   RO        14387    .ARM.Collect$$$$00000004  mc_w.l(entry5.o)
    0x08000190   0x08000190   0x00000000   Code   RO        14389    .ARM.Collect$$$$00000008  mc_w.l(entry7b.o)
    0x08000190   0x08000190   0x00000000   Code   RO        14391    .ARM.Collect$$$$0000000A  mc_w.l(entry8b.o)
    0x08000190   0x08000190   0x00000008   Code   RO        14392    .ARM.Collect$$$$0000000B  mc_w.l(entry9a.o)
    0x08000198   0x08000198   0x00000004   Code   RO        14399    .ARM.Collect$$$$0000000E  mc_w.l(entry12b.o)
    0x0800019c   0x0800019c   0x00000000   Code   RO        14394    .ARM.Collect$$$$0000000F  mc_w.l(entry10a.o)
    0x0800019c   0x0800019c   0x00000000   Code   RO        14396    .ARM.Collect$$$$00000011  mc_w.l(entry11a.o)
    0x0800019c   0x0800019c   0x00000004   Code   RO        14385    .ARM.Collect$$$$00002712  mc_w.l(entry2.o)
    0x080001a0   0x080001a0   0x000000b6   Code   RO         9859    .emb_text           port.o
    0x08000256   0x08000256   0x00000002   PAD
    0x08000258   0x08000258   0x00000024   Code   RO          248    .text               startup_stm32f407xx.o
    0x0800027c   0x0800027c   0x0000000c   Code   RO        14062    .text               cmb_fault.o
    0x08000288   0x08000288   0x00000062   Code   RO        14069    .text               mc_w.l(uldiv.o)
    0x080002ea   0x080002ea   0x00000002   PAD
    0x080002ec   0x080002ec   0x00000008   Code   RO        14071    .text               mc_w.l(ctype_o.o)
    0x080002f4   0x080002f4   0x00000012   Code   RO        14093    .text               mc_w.l(isspace_o.o)
    0x08000306   0x08000306   0x00000040   Code   RO        14101    .text               mc_w.l(memmovea.o)
    0x08000346   0x08000346   0x00000024   Code   RO        14103    .text               mc_w.l(memseta.o)
    0x0800036a   0x0800036a   0x00000018   Code   RO        14105    .text               mc_w.l(strncpy.o)
    0x08000382   0x08000382   0x0000001a   Code   RO        14109    .text               mc_w.l(memcmp.o)
    0x0800039c   0x0800039c   0x0000001e   Code   RO        14111    .text               mc_w.l(strncmp.o)
    0x080003ba   0x080003ba   0x00000002   PAD
    0x080003bc   0x080003bc   0x00000038   Code   RO        14378    .text               mc_w.l(__0sscanf.o)
    0x080003f4   0x080003f4   0x0000014c   Code   RO        14380    .text               mc_w.l(_scanf_int.o)
    0x08000540   0x08000540   0x0000001e   Code   RO        14403    .text               mc_w.l(llshl.o)
    0x0800055e   0x0800055e   0x00000020   Code   RO        14405    .text               mc_w.l(llushr.o)
    0x0800057e   0x0800057e   0x0000001c   Code   RO        14414    .text               mc_w.l(_chval.o)
    0x0800059a   0x0800059a   0x00000002   PAD
    0x0800059c   0x0800059c   0x00000028   Code   RO        14416    .text               mc_w.l(scanf_char.o)
    0x080005c4   0x080005c4   0x00000040   Code   RO        14418    .text               mc_w.l(_sgetc.o)
    0x08000604   0x08000604   0x00000024   Code   RO        14433    .text               mc_w.l(init.o)
    0x08000628   0x08000628   0x00000330   Code   RO        14439    .text               mc_w.l(_scanf.o)
    0x08000958   0x08000958   0x0000003a   Code   RO        14456    .text               mc_w.l(__dczerorl.o)
    0x08000992   0x08000992   0x00000002   PAD
    0x08000994   0x08000994   0x00000290   Code   RO         8313    i.AppTaskCreate     main.o
    0x08000c24   0x08000c24   0x00000050   Code   RO         8768    i.BSP_Init          board.o
    0x08000c74   0x08000c74   0x00000090   Code   RO         8694    i.Bsp_Eth_Init      bsp_eth.o
    0x08000d04   0x08000d04   0x00000002   Code   RO         8417    i.BusFault_Handler  stm32f4xx_it.o
    0x08000d06   0x08000d06   0x00000002   PAD
    0x08000d08   0x08000d08   0x0000000c   Code   RO         8418    i.DMA2_Stream5_IRQHandler  stm32f4xx_it.o
    0x08000d14   0x08000d14   0x0000002c   Code   RO         1591    i.DMA_CalcBaseAndBitshift  stm32f4xx_hal_dma.o
    0x08000d40   0x08000d40   0x00000078   Code   RO         1592    i.DMA_CheckFifoParam  stm32f4xx_hal_dma.o
    0x08000db8   0x08000db8   0x0000002a   Code   RO         1593    i.DMA_SetConfig     stm32f4xx_hal_dma.o
    0x08000de2   0x08000de2   0x00000002   Code   RO         8419    i.DebugMon_Handler  stm32f4xx_it.o
    0x08000de4   0x08000de4   0x000000a8   Code   RO         8627    i.Debug_USART_Config  bsp_debug_usart.o
    0x08000e8c   0x08000e8c   0x00000010   Code   RO         1775    i.ETH_DMAReceptionEnable  stm32f4xx_hal_eth.o
    0x08000e9c   0x08000e9c   0x00000010   Code   RO         1777    i.ETH_DMATransmissionEnable  stm32f4xx_hal_eth.o
    0x08000eac   0x08000eac   0x00000024   Code   RO         1778    i.ETH_Delay         stm32f4xx_hal_eth.o
    0x08000ed0   0x08000ed0   0x0000002e   Code   RO         1779    i.ETH_FlushTransmitFIFO  stm32f4xx_hal_eth.o
    0x08000efe   0x08000efe   0x00000002   PAD
    0x08000f00   0x08000f00   0x00000024   Code   RO         8695    i.ETH_IRQHandler    bsp_eth.o
    0x08000f24   0x08000f24   0x0000002c   Code   RO         1780    i.ETH_MACAddressConfig  stm32f4xx_hal_eth.o
    0x08000f50   0x08000f50   0x00000190   Code   RO         1781    i.ETH_MACDMAConfig  stm32f4xx_hal_eth.o
    0x080010e0   0x080010e0   0x00000022   Code   RO         1783    i.ETH_MACReceptionEnable  stm32f4xx_hal_eth.o
    0x08001102   0x08001102   0x00000022   Code   RO         1785    i.ETH_MACTransmissionEnable  stm32f4xx_hal_eth.o
    0x08001124   0x08001124   0x00000006   Code   RO         8420    i.EXTI0_IRQHandler  stm32f4xx_it.o
    0x0800112a   0x0800112a   0x00000008   Code   RO         8421    i.EXTI15_10_IRQHandler  stm32f4xx_it.o
    0x08001132   0x08001132   0x00000002   PAD
    0x08001134   0x08001134   0x00000058   Code   RO         8696    i.Eth_Reset         bsp_eth.o
    0x0800118c   0x0800118c   0x0000006c   Code   RO         8769    i.GPIO_CLK_Init     board.o
    0x080011f8   0x080011f8   0x00000024   Code   RO         1595    i.HAL_DMA_Abort_IT  stm32f4xx_hal_dma.o
    0x0800121c   0x0800121c   0x000001d0   Code   RO         1599    i.HAL_DMA_IRQHandler  stm32f4xx_hal_dma.o
    0x080013ec   0x080013ec   0x000000d4   Code   RO         1600    i.HAL_DMA_Init      stm32f4xx_hal_dma.o
    0x080014c0   0x080014c0   0x00000078   Code   RO         1604    i.HAL_DMA_Start_IT  stm32f4xx_hal_dma.o
    0x08001538   0x08001538   0x00000024   Code   RO          262    i.HAL_Delay         stm32f4xx_hal.o
    0x0800155c   0x0800155c   0x0000006e   Code   RO         1788    i.HAL_ETH_DMARxDescListInit  stm32f4xx_hal_eth.o
    0x080015ca   0x080015ca   0x0000007a   Code   RO         1789    i.HAL_ETH_DMATxDescListInit  stm32f4xx_hal_eth.o
    0x08001644   0x08001644   0x0000001a   Code   RO         1790    i.HAL_ETH_DeInit    stm32f4xx_hal_eth.o
    0x0800165e   0x0800165e   0x00000002   PAD
    0x08001660   0x08001660   0x0000002c   Code   RO         8697    i.HAL_ETH_ErrorCallback  bsp_eth.o
    0x0800168c   0x0800168c   0x0000007e   Code   RO         1792    i.HAL_ETH_GetReceivedFrame  stm32f4xx_hal_eth.o
    0x0800170a   0x0800170a   0x00000082   Code   RO         1795    i.HAL_ETH_IRQHandler  stm32f4xx_hal_eth.o
    0x0800178c   0x0800178c   0x00000238   Code   RO         1796    i.HAL_ETH_Init      stm32f4xx_hal_eth.o
    0x080019c4   0x080019c4   0x00000064   Code   RO         8698    i.HAL_ETH_MspDeInit  bsp_eth.o
    0x08001a28   0x08001a28   0x000000c8   Code   RO         8699    i.HAL_ETH_MspInit   bsp_eth.o
    0x08001af0   0x08001af0   0x00000082   Code   RO         1799    i.HAL_ETH_ReadPHYRegister  stm32f4xx_hal_eth.o
    0x08001b72   0x08001b72   0x00000002   PAD
    0x08001b74   0x08001b74   0x00000030   Code   RO         8700    i.HAL_ETH_RxCpltCallback  bsp_eth.o
    0x08001ba4   0x08001ba4   0x00000044   Code   RO         1801    i.HAL_ETH_Start     stm32f4xx_hal_eth.o
    0x08001be8   0x08001be8   0x00000112   Code   RO         1803    i.HAL_ETH_TransmitFrame  stm32f4xx_hal_eth.o
    0x08001cfa   0x08001cfa   0x00000002   Code   RO         8701    i.HAL_ETH_TxCpltCallback  bsp_eth.o
    0x08001cfc   0x08001cfc   0x0000007a   Code   RO         1805    i.HAL_ETH_WritePHYRegister  stm32f4xx_hal_eth.o
    0x08001d76   0x08001d76   0x00000002   PAD
    0x08001d78   0x08001d78   0x0000013c   Code   RO         2249    i.HAL_GPIO_DeInit   stm32f4xx_hal_gpio.o
    0x08001eb4   0x08001eb4   0x00000050   Code   RO         8923    i.HAL_GPIO_EXTI_Callback  input_exti.o
    0x08001f04   0x08001f04   0x00000018   Code   RO         2251    i.HAL_GPIO_EXTI_IRQHandler  stm32f4xx_hal_gpio.o
    0x08001f1c   0x08001f1c   0x000001c4   Code   RO         2252    i.HAL_GPIO_Init     stm32f4xx_hal_gpio.o
    0x080020e0   0x080020e0   0x0000000e   Code   RO         2254    i.HAL_GPIO_ReadPin  stm32f4xx_hal_gpio.o
    0x080020ee   0x080020ee   0x0000000e   Code   RO         2256    i.HAL_GPIO_WritePin  stm32f4xx_hal_gpio.o
    0x080020fc   0x080020fc   0x0000000c   Code   RO          267    i.HAL_GetREVID      stm32f4xx_hal.o
    0x08002108   0x08002108   0x0000000c   Code   RO          268    i.HAL_GetTick       stm32f4xx_hal.o
    0x08002114   0x08002114   0x00000006   Code   RO         2525    i.HAL_I2C_GetState  stm32f4xx_hal_i2c.o
    0x0800211a   0x0800211a   0x00000002   PAD
    0x0800211c   0x0800211c   0x0000010c   Code   RO         2526    i.HAL_I2C_Init      stm32f4xx_hal_i2c.o
    0x08002228   0x08002228   0x00000170   Code   RO         2527    i.HAL_I2C_IsDeviceReady  stm32f4xx_hal_i2c.o
    0x08002398   0x08002398   0x000002a8   Code   RO         2542    i.HAL_I2C_Mem_Read  stm32f4xx_hal_i2c.o
    0x08002640   0x08002640   0x00000160   Code   RO         2545    i.HAL_I2C_Mem_Write  stm32f4xx_hal_i2c.o
    0x080027a0   0x080027a0   0x00000088   Code   RO         8957    i.HAL_I2C_MspInit   bsp_i2c_ee.o
    0x08002828   0x08002828   0x00000010   Code   RO          272    i.HAL_IncTick       stm32f4xx_hal.o
    0x08002838   0x08002838   0x0000002c   Code   RO          273    i.HAL_Init          stm32f4xx_hal.o
    0x08002864   0x08002864   0x00000044   Code   RO          274    i.HAL_InitTick      stm32f4xx_hal.o
    0x080028a8   0x080028a8   0x00000002   Code   RO          276    i.HAL_MspInit       stm32f4xx_hal.o
    0x080028aa   0x080028aa   0x00000016   Code   RO          962    i.HAL_NVIC_EnableIRQ  stm32f4xx_hal_cortex.o
    0x080028c0   0x080028c0   0x00000040   Code   RO          968    i.HAL_NVIC_SetPriority  stm32f4xx_hal_cortex.o
    0x08002900   0x08002900   0x00000024   Code   RO          969    i.HAL_NVIC_SetPriorityGrouping  stm32f4xx_hal_cortex.o
    0x08002924   0x08002924   0x00000144   Code   RO         4454    i.HAL_RCC_ClockConfig  stm32f4xx_hal_rcc.o
    0x08002a68   0x08002a68   0x0000000c   Code   RO         4459    i.HAL_RCC_GetHCLKFreq  stm32f4xx_hal_rcc.o
    0x08002a74   0x08002a74   0x00000020   Code   RO         4461    i.HAL_RCC_GetPCLK1Freq  stm32f4xx_hal_rcc.o
    0x08002a94   0x08002a94   0x00000020   Code   RO         4462    i.HAL_RCC_GetPCLK2Freq  stm32f4xx_hal_rcc.o
    0x08002ab4   0x08002ab4   0x0000006c   Code   RO         4463    i.HAL_RCC_GetSysClockFreq  stm32f4xx_hal_rcc.o
    0x08002b20   0x08002b20   0x00000390   Code   RO         4466    i.HAL_RCC_OscConfig  stm32f4xx_hal_rcc.o
    0x08002eb0   0x08002eb0   0x0000001c   Code   RO          971    i.HAL_SYSTICK_CLKSourceConfig  stm32f4xx_hal_cortex.o
    0x08002ecc   0x08002ecc   0x00000028   Code   RO          973    i.HAL_SYSTICK_Config  stm32f4xx_hal_cortex.o
    0x08002ef4   0x08002ef4   0x00000044   Code   RO         8628    i.HAL_UART_AbortReceiveCpltCallback  bsp_debug_usart.o
    0x08002f38   0x08002f38   0x0000006c   Code   RO         6990    i.HAL_UART_AbortReceive_IT  stm32f4xx_hal_uart.o
    0x08002fa4   0x08002fa4   0x00000002   Code   RO         6999    i.HAL_UART_ErrorCallback  stm32f4xx_hal_uart.o
    0x08002fa6   0x08002fa6   0x00000064   Code   RO         7003    i.HAL_UART_Init     stm32f4xx_hal_uart.o
    0x0800300a   0x0800300a   0x00000002   Code   RO         7005    i.HAL_UART_MspInit  stm32f4xx_hal_uart.o
    0x0800300c   0x0800300c   0x0000009c   Code   RO         7007    i.HAL_UART_Receive_DMA  stm32f4xx_hal_uart.o
    0x080030a8   0x080030a8   0x00000002   Code   RO         7009    i.HAL_UART_RxCpltCallback  stm32f4xx_hal_uart.o
    0x080030aa   0x080030aa   0x00000002   Code   RO         7010    i.HAL_UART_RxHalfCpltCallback  stm32f4xx_hal_uart.o
    0x080030ac   0x080030ac   0x000000cc   Code   RO         7011    i.HAL_UART_Transmit  stm32f4xx_hal_uart.o
    0x08003178   0x08003178   0x0000001c   Code   RO         8958    i.I2C_EE_BufferRead  bsp_i2c_ee.o
    0x08003194   0x08003194   0x000000b2   Code   RO         8959    i.I2C_EE_BufferWrite  bsp_i2c_ee.o
    0x08003246   0x08003246   0x00000004   Code   RO         8961    i.I2C_EE_Init       bsp_i2c_ee.o
    0x0800324a   0x0800324a   0x00000002   PAD
    0x0800324c   0x0800324c   0x00000048   Code   RO         8962    i.I2C_EE_PageWrite  bsp_i2c_ee.o
    0x08003294   0x08003294   0x00000028   Code   RO         2564    i.I2C_IsAcknowledgeFailed  stm32f4xx_hal_i2c.o
    0x080032bc   0x080032bc   0x00000030   Code   RO         8963    i.I2C_Mode_Config   bsp_i2c_ee.o
    0x080032ec   0x080032ec   0x0000008c   Code   RO         8964    i.I2C_Read_EE_IP    bsp_i2c_ee.o
    0x08003378   0x08003378   0x00000144   Code   RO         2574    i.I2C_RequestMemoryRead  stm32f4xx_hal_i2c.o
    0x080034bc   0x080034bc   0x000000c8   Code   RO         2575    i.I2C_RequestMemoryWrite  stm32f4xx_hal_i2c.o
    0x08003584   0x08003584   0x0000004c   Code   RO         2583    i.I2C_WaitOnBTFFlagUntilTimeout  stm32f4xx_hal_i2c.o
    0x080035d0   0x080035d0   0x00000074   Code   RO         2584    i.I2C_WaitOnFlagUntilTimeout  stm32f4xx_hal_i2c.o
    0x08003644   0x08003644   0x00000094   Code   RO         2585    i.I2C_WaitOnMasterAddressFlagUntilTimeout  stm32f4xx_hal_i2c.o
    0x080036d8   0x080036d8   0x00000062   Code   RO         2586    i.I2C_WaitOnRXNEFlagUntilTimeout  stm32f4xx_hal_i2c.o
    0x0800373a   0x0800373a   0x0000004c   Code   RO         2588    i.I2C_WaitOnTXEFlagUntilTimeout  stm32f4xx_hal_i2c.o
    0x08003786   0x08003786   0x00000002   PAD
    0x08003788   0x08003788   0x00000054   Code   RO         8965    i.I2C_Write_EE_IP   bsp_i2c_ee.o
    0x080037dc   0x080037dc   0x000000c4   Code   RO         8314    i.I2ceeprom_Task    main.o
    0x080038a0   0x080038a0   0x00000054   Code   RO         8924    i.INPUT_EXTI_Init   input_exti.o
    0x080038f4   0x080038f4   0x0000005c   Code   RO         8893    i.Input_GPIO_Config  input.o
    0x08003950   0x08003950   0x0000003c   Code   RO         8894    i.Input_Scan        input.o
    0x0800398c   0x0800398c   0x0000007c   Code   RO         8603    i.LED_GPIO_Config   bsp_led.o
    0x08003a08   0x08003a08   0x00000002   Code   RO         8422    i.MemManage_Handler  stm32f4xx_it.o
    0x08003a0a   0x08003a0a   0x00000002   Code   RO         8423    i.NMI_Handler       stm32f4xx_it.o
    0x08003a0c   0x08003a0c   0x00000020   Code   RO          975    i.NVIC_SetPriority  stm32f4xx_hal_cortex.o
    0x08003a2c   0x08003a2c   0x00000014   Code   RO         8315    i.Swtmr1_Callback   main.o
    0x08003a40   0x08003a40   0x0000002a   Code   RO         8424    i.SysTick_Handler   stm32f4xx_it.o
    0x08003a6a   0x08003a6a   0x00000002   PAD
    0x08003a6c   0x08003a6c   0x000000bc   Code   RO         8770    i.SystemClock_Config  board.o
    0x08003b28   0x08003b28   0x00000054   Code   RO            5    i.SystemInit        system_stm32f4xx.o
    0x08003b7c   0x08003b7c   0x000000a8   Code   RO        13792    i.TCPIP_Init        sys_arch.o
    0x08003c24   0x08003c24   0x0000004a   Code   RO         7017    i.UART_DMAError     stm32f4xx_hal_uart.o
    0x08003c6e   0x08003c6e   0x0000003c   Code   RO         7018    i.UART_DMAReceiveCplt  stm32f4xx_hal_uart.o
    0x08003caa   0x08003caa   0x0000000a   Code   RO         7020    i.UART_DMARxHalfCplt  stm32f4xx_hal_uart.o
    0x08003cb4   0x08003cb4   0x00000014   Code   RO         7021    i.UART_DMARxOnlyAbortCallback  stm32f4xx_hal_uart.o
    0x08003cc8   0x08003cc8   0x0000001c   Code   RO         7026    i.UART_EndRxTransfer  stm32f4xx_hal_uart.o
    0x08003ce4   0x08003ce4   0x00000012   Code   RO         7028    i.UART_EndTxTransfer  stm32f4xx_hal_uart.o
    0x08003cf6   0x08003cf6   0x00000002   PAD
    0x08003cf8   0x08003cf8   0x00000314   Code   RO         7030    i.UART_SetConfig    stm32f4xx_hal_uart.o
    0x0800400c   0x0800400c   0x00000064   Code   RO         7032    i.UART_WaitOnFlagUntilTimeout  stm32f4xx_hal_uart.o
    0x08004070   0x08004070   0x00000038   Code   RO         8425    i.USART1_IRQHandler  stm32f4xx_it.o
    0x080040a8   0x080040a8   0x00000078   Code   RO         8629    i.USART_DMA_Config  bsp_debug_usart.o
    0x08004120   0x08004120   0x00000012   Code   RO         8630    i.USART_Init        bsp_debug_usart.o
    0x08004132   0x08004132   0x00000026   Code   RO         8631    i.USART_NVIC_Config  bsp_debug_usart.o
    0x08004158   0x08004158   0x00000002   Code   RO         8426    i.UsageFault_Handler  stm32f4xx_it.o
    0x0800415a   0x0800415a   0x00000002   PAD
    0x0800415c   0x0800415c   0x00000020   Code   RO        14324    i.__0printf$8       mc_w.l(printf8.o)
    0x0800417c   0x0800417c   0x00000028   Code   RO        14326    i.__0sprintf$8      mc_w.l(printf8.o)
    0x080041a4   0x080041a4   0x0000000e   Code   RO        14450    i.__scatterload_copy  mc_w.l(handlers.o)
    0x080041b2   0x080041b2   0x00000002   Code   RO        14451    i.__scatterload_null  mc_w.l(handlers.o)
    0x080041b4   0x080041b4   0x0000000e   Code   RO        14452    i.__scatterload_zeroinit  mc_w.l(handlers.o)
    0x080041c2   0x080041c2   0x00000002   PAD
    0x080041c4   0x080041c4   0x00000404   Code   RO        14331    i._printf_core      mc_w.l(printf8.o)
    0x080045c8   0x080045c8   0x00000024   Code   RO        14332    i._printf_post_padding  mc_w.l(printf8.o)
    0x080045ec   0x080045ec   0x0000002e   Code   RO        14333    i._printf_pre_padding  mc_w.l(printf8.o)
    0x0800461a   0x0800461a   0x0000000a   Code   RO        14335    i._sputc            mc_w.l(printf8.o)
    0x08004624   0x08004624   0x00000240   Code   RO         8834    i.client            client.o
    0x08004864   0x08004864   0x00000028   Code   RO         8835    i.client_init       client.o
    0x0800488c   0x0800488c   0x000000d4   Code   RO         8836    i.clientrecv        client.o
    0x08004960   0x08004960   0x0000002c   Code   RO         8837    i.clientrecv_init   client.o
    0x0800498c   0x0800498c   0x000000b4   Code   RO        13995    i.cm_backtrace_call_stack  cm_backtrace.o
    0x08004a40   0x08004a40   0x00000238   Code   RO        13996    i.cm_backtrace_fault  cm_backtrace.o
    0x08004c78   0x08004c78   0x0000002c   Code   RO        13997    i.cm_backtrace_firmware_info  cm_backtrace.o
    0x08004ca4   0x08004ca4   0x0000005c   Code   RO        13998    i.cm_backtrace_init  cm_backtrace.o
    0x08004d00   0x08004d00   0x00000034   Code   RO        12955    i.dhcp_arp_reply    dhcp.o
    0x08004d34   0x08004d34   0x00000120   Code   RO        12956    i.dhcp_bind         dhcp.o
    0x08004e54   0x08004e54   0x00000034   Code   RO        12957    i.dhcp_check        dhcp.o
    0x08004e88   0x08004e88   0x00000064   Code   RO        12959    i.dhcp_coarse_tmr   dhcp.o
    0x08004eec   0x08004eec   0x00000178   Code   RO        12960    i.dhcp_create_msg   dhcp.o
    0x08005064   0x08005064   0x00000050   Code   RO        12961    i.dhcp_dec_pcb_refcount  dhcp.o
    0x080050b4   0x080050b4   0x0000009c   Code   RO        12962    i.dhcp_decline      dhcp.o
    0x08005150   0x08005150   0x000000e4   Code   RO        12963    i.dhcp_discover     dhcp.o
    0x08005234   0x08005234   0x00000034   Code   RO        12964    i.dhcp_fine_tmr     dhcp.o
    0x08005268   0x08005268   0x0000006c   Code   RO        12965    i.dhcp_handle_ack   dhcp.o
    0x080052d4   0x080052d4   0x00000028   Code   RO        12966    i.dhcp_handle_nak   dhcp.o
    0x080052fc   0x080052fc   0x00000038   Code   RO        12967    i.dhcp_handle_offer  dhcp.o
    0x08005334   0x08005334   0x00000084   Code   RO        12968    i.dhcp_inc_pcb_refcount  dhcp.o
    0x080053b8   0x080053b8   0x00000030   Code   RO        12971    i.dhcp_option       dhcp.o
    0x080053e8   0x080053e8   0x00000054   Code   RO        12972    i.dhcp_option_byte  dhcp.o
    0x0800543c   0x0800543c   0x00000070   Code   RO        12973    i.dhcp_option_long  dhcp.o
    0x080054ac   0x080054ac   0x00000060   Code   RO        12974    i.dhcp_option_short  dhcp.o
    0x0800550c   0x0800550c   0x00000030   Code   RO        12975    i.dhcp_option_trailer  dhcp.o
    0x0800553c   0x0800553c   0x00000378   Code   RO        12976    i.dhcp_parse_reply  dhcp.o
    0x080058b4   0x080058b4   0x000000d4   Code   RO        12977    i.dhcp_rebind       dhcp.o
    0x08005988   0x08005988   0x000000f4   Code   RO        12978    i.dhcp_reboot       dhcp.o
    0x08005a7c   0x08005a7c   0x000000fc   Code   RO        12979    i.dhcp_recv         dhcp.o
    0x08005b78   0x08005b78   0x000000bc   Code   RO        12981    i.dhcp_release_and_stop  dhcp.o
    0x08005c34   0x08005c34   0x000000d0   Code   RO        12982    i.dhcp_renew        dhcp.o
    0x08005d04   0x08005d04   0x0000017c   Code   RO        12983    i.dhcp_select       dhcp.o
    0x08005e80   0x08005e80   0x00000010   Code   RO        12984    i.dhcp_set_state    dhcp.o
    0x08005e90   0x08005e90   0x000000c8   Code   RO        12986    i.dhcp_start        dhcp.o
    0x08005f58   0x08005f58   0x00000022   Code   RO        12988    i.dhcp_supplied_address  dhcp.o
    0x08005f7a   0x08005f7a   0x0000002a   Code   RO        12989    i.dhcp_t1_timeout   dhcp.o
    0x08005fa4   0x08005fa4   0x0000002e   Code   RO        12990    i.dhcp_t2_timeout   dhcp.o
    0x08005fd2   0x08005fd2   0x0000007c   Code   RO        12991    i.dhcp_timeout      dhcp.o
    0x0800604e   0x0800604e   0x00000002   PAD
    0x08006050   0x08006050   0x00000048   Code   RO        11542    i.do_memp_free_pool  memp.o
    0x08006098   0x08006098   0x00000058   Code   RO        11543    i.do_memp_malloc_pool  memp.o
    0x080060f0   0x080060f0   0x000000c8   Code   RO        13999    i.dump_stack        cm_backtrace.o
    0x080061b8   0x080061b8   0x00000150   Code   RO        10275    i.err_tcp           api_msg.o
    0x08006308   0x08006308   0x0000002c   Code   RO        13186    i.etharp_cleanup_netif  etharp.o
    0x08006334   0x08006334   0x000001e0   Code   RO        13188    i.etharp_find_entry  etharp.o
    0x08006514   0x08006514   0x00000028   Code   RO        13189    i.etharp_free_entry  etharp.o
    0x0800653c   0x0800653c   0x000000c4   Code   RO        13191    i.etharp_input      etharp.o
    0x08006600   0x08006600   0x00000144   Code   RO        13192    i.etharp_output     etharp.o
    0x08006744   0x08006744   0x000000b0   Code   RO        13193    i.etharp_output_to_arp_index  etharp.o
    0x080067f4   0x080067f4   0x00000180   Code   RO        13194    i.etharp_query      etharp.o
    0x08006974   0x08006974   0x000000fc   Code   RO        13195    i.etharp_raw        etharp.o
    0x08006a70   0x08006a70   0x0000000c   Code   RO        13196    i.etharp_request    etharp.o
    0x08006a7c   0x08006a7c   0x00000020   Code   RO        13197    i.etharp_request_dst  etharp.o
    0x08006a9c   0x08006a9c   0x00000060   Code   RO        13198    i.etharp_tmr        etharp.o
    0x08006afc   0x08006afc   0x000000b4   Code   RO        13199    i.etharp_update_arp_entry  etharp.o
    0x08006bb0   0x08006bb0   0x000000a8   Code   RO        13570    i.ethernet_input    ethernet.o
    0x08006c58   0x08006c58   0x0000008c   Code   RO        13571    i.ethernet_output   ethernet.o
    0x08006ce4   0x08006ce4   0x00000094   Code   RO        13737    i.ethernetif_init   ethernetif.o
    0x08006d78   0x08006d78   0x00000058   Code   RO        13738    i.ethernetif_input  ethernetif.o
    0x08006dd0   0x08006dd0   0x00000240   Code   RO        14000    i.fault_diagnosis   cm_backtrace.o
    0x08007010   0x08007010   0x00000018   Code   RO         8633    i.fputc             bsp_debug_usart.o
    0x08007028   0x08007028   0x00000008   Code   RO        13293    i.icmp_dest_unreach  icmp.o
    0x08007030   0x08007030   0x000001b4   Code   RO        13294    i.icmp_input        icmp.o
    0x080071e4   0x080071e4   0x000000a8   Code   RO        13295    i.icmp_send_response  icmp.o
    0x0800728c   0x0800728c   0x00000008   Code   RO        13296    i.icmp_time_exceeded  icmp.o
    0x08007294   0x08007294   0x0000004a   Code   RO        11305    i.inet_chksum_pbuf  inet_chksum.o
    0x080072de   0x080072de   0x00000040   Code   RO        13420    i.ip4_addr_isbroadcast_u32  ip4_addr.o
    0x0800731e   0x0800731e   0x00000002   PAD
    0x08007320   0x08007320   0x000001f8   Code   RO        13489    i.ip4_frag          ip4_frag.o
    0x08007518   0x08007518   0x000001c0   Code   RO        13355    i.ip4_input         ip4.o
    0x080076d8   0x080076d8   0x0000002c   Code   RO        13356    i.ip4_input_accept  ip4.o
    0x08007704   0x08007704   0x00000022   Code   RO        13358    i.ip4_output_if     ip4.o
    0x08007726   0x08007726   0x00000002   PAD
    0x08007728   0x08007728   0x00000110   Code   RO        13359    i.ip4_output_if_src  ip4.o
    0x08007838   0x08007838   0x000001e0   Code   RO        13490    i.ip4_reass         ip4_frag.o
    0x08007a18   0x08007a18   0x00000060   Code   RO        13360    i.ip4_route         ip4.o
    0x08007a78   0x08007a78   0x00000006   Code   RO        13491    i.ip_frag_alloc_pbuf_custom_ref  ip4_frag.o
    0x08007a7e   0x08007a7e   0x00000002   PAD
    0x08007a80   0x08007a80   0x00000028   Code   RO        13492    i.ip_frag_free_pbuf_custom_ref  ip4_frag.o
    0x08007aa8   0x08007aa8   0x000001dc   Code   RO        13493    i.ip_reass_chain_frag_into_datagram_and_validate  ip4_frag.o
    0x08007c84   0x08007c84   0x0000004c   Code   RO        13494    i.ip_reass_dequeue_datagram  ip4_frag.o
    0x08007cd0   0x08007cd0   0x00000054   Code   RO        13495    i.ip_reass_enqueue_new_datagram  ip4_frag.o
    0x08007d24   0x08007d24   0x00000118   Code   RO        13496    i.ip_reass_free_complete_datagram  ip4_frag.o
    0x08007e3c   0x08007e3c   0x00000088   Code   RO        13497    i.ip_reass_remove_oldest_datagram  ip4_frag.o
    0x08007ec4   0x08007ec4   0x0000002c   Code   RO        13498    i.ip_reass_tmr      ip4_frag.o
    0x08007ef0   0x08007ef0   0x0000002c   Code   RO        13499    i.ipfrag_free_pbuf_custom  ip4_frag.o
    0x08007f1c   0x08007f1c   0x000000ec   Code   RO        13739    i.low_level_init    ethernetif.o
    0x08008008   0x08008008   0x000000c4   Code   RO        13740    i.low_level_input   ethernetif.o
    0x080080cc   0x080080cc   0x000000e0   Code   RO        13741    i.low_level_output  ethernetif.o
    0x080081ac   0x080081ac   0x00000040   Code   RO        12714    i.lwip_cyclic_timer  timeouts.o
    0x080081ec   0x080081ec   0x00000018   Code   RO        11232    i.lwip_htonl        def.o
    0x08008204   0x08008204   0x0000000a   Code   RO        11233    i.lwip_htons        def.o
    0x0800820e   0x0800820e   0x00000022   Code   RO        11377    i.lwip_init         init.o
    0x08008230   0x08008230   0x000000c8   Code   RO        10278    i.lwip_netconn_do_close  api_msg.o
    0x080082f8   0x080082f8   0x0000027c   Code   RO        10279    i.lwip_netconn_do_close_internal  api_msg.o
    0x08008574   0x08008574   0x000000f4   Code   RO        10280    i.lwip_netconn_do_connect  api_msg.o
    0x08008668   0x08008668   0x0000010c   Code   RO        10281    i.lwip_netconn_do_connected  api_msg.o
    0x08008774   0x08008774   0x00000012   Code   RO        10286    i.lwip_netconn_do_newconn  api_msg.o
    0x08008786   0x08008786   0x00000046   Code   RO        10287    i.lwip_netconn_do_recv  api_msg.o
    0x080087cc   0x080087cc   0x000000d0   Code   RO        10289    i.lwip_netconn_do_write  api_msg.o
    0x0800889c   0x0800889c   0x00000304   Code   RO        10290    i.lwip_netconn_do_writemore  api_msg.o
    0x08008ba0   0x08008ba0   0x00000044   Code   RO        10291    i.lwip_netconn_err_to_msg  api_msg.o
    0x08008be4   0x08008be4   0x00000054   Code   RO        10292    i.lwip_netconn_is_err_msg  api_msg.o
    0x08008c38   0x08008c38   0x00000056   Code   RO        11312    i.lwip_standard_chksum  inet_chksum.o
    0x08008c8e   0x08008c8e   0x00000002   PAD
    0x08008c90   0x08008c90   0x00000044   Code   RO         8316    i.main              main.o
    0x08008cd4   0x08008cd4   0x0000014c   Code   RO        11471    i.mem_free          mem.o
    0x08008e20   0x08008e20   0x00000068   Code   RO        11472    i.mem_init          mem.o
    0x08008e88   0x08008e88   0x00000050   Code   RO        11473    i.mem_link_valid    mem.o
    0x08008ed8   0x08008ed8   0x000001e0   Code   RO        11474    i.mem_malloc        mem.o
    0x080090b8   0x080090b8   0x00000010   Code   RO        11475    i.mem_to_ptr        mem.o
    0x080090c8   0x080090c8   0x0000018c   Code   RO        11476    i.mem_trim          mem.o
    0x08009254   0x08009254   0x0000003c   Code   RO        11544    i.memp_free         memp.o
    0x08009290   0x08009290   0x0000001c   Code   RO        11546    i.memp_init         memp.o
    0x080092ac   0x080092ac   0x0000002a   Code   RO        11547    i.memp_init_pool    memp.o
    0x080092d6   0x080092d6   0x00000002   PAD
    0x080092d8   0x080092d8   0x00000044   Code   RO        11548    i.memp_malloc       memp.o
    0x0800931c   0x0800931c   0x00000024   Code   RO        10566    i.netbuf_delete     netbuf.o
    0x08009340   0x08009340   0x00000048   Code   RO        10570    i.netbuf_next       netbuf.o
    0x08009388   0x08009388   0x000000a8   Code   RO        10293    i.netconn_alloc     api_msg.o
    0x08009430   0x08009430   0x00000018   Code   RO        10010    i.netconn_apimsg    api_lib.o
    0x08009448   0x08009448   0x00000006   Code   RO        10013    i.netconn_close     api_lib.o
    0x0800944e   0x0800944e   0x00000002   PAD
    0x08009450   0x08009450   0x0000004c   Code   RO        10014    i.netconn_close_shutdown  api_lib.o
    0x0800949c   0x0800949c   0x00000058   Code   RO        10015    i.netconn_connect   api_lib.o
    0x080094f4   0x080094f4   0x0000009a   Code   RO        10294    i.netconn_drain     api_msg.o
    0x0800958e   0x0800958e   0x00000020   Code   RO        10018    i.netconn_err       api_lib.o
    0x080095ae   0x080095ae   0x00000002   PAD
    0x080095b0   0x080095b0   0x000000f4   Code   RO        10295    i.netconn_free      api_msg.o
    0x080096a4   0x080096a4   0x00000100   Code   RO        10021    i.netconn_new_with_proto_and_callback  api_lib.o
    0x080097a4   0x080097a4   0x000000d0   Code   RO        10023    i.netconn_recv      api_lib.o
    0x08009874   0x08009874   0x00000124   Code   RO        10024    i.netconn_recv_data  api_lib.o
    0x08009998   0x08009998   0x00000098   Code   RO        10025    i.netconn_recv_data_tcp  api_lib.o
    0x08009a30   0x08009a30   0x00000058   Code   RO        10034    i.netconn_tcp_recvd_msg  api_lib.o
    0x08009a88   0x08009a88   0x00000014   Code   RO        10035    i.netconn_write_partly  api_lib.o
    0x08009a9c   0x08009a9c   0x0000012c   Code   RO        10036    i.netconn_write_vectors_partly  api_lib.o
    0x08009bc8   0x08009bc8   0x00000168   Code   RO        11681    i.netif_add         netif.o
    0x08009d30   0x08009d30   0x0000001a   Code   RO        11683    i.netif_do_ip_addr_changed  netif.o
    0x08009d4a   0x08009d4a   0x00000016   Code   RO        11684    i.netif_do_set_gw   netif.o
    0x08009d60   0x08009d60   0x0000005c   Code   RO        11685    i.netif_do_set_ipaddr  netif.o
    0x08009dbc   0x08009dbc   0x00000016   Code   RO        11686    i.netif_do_set_netmask  netif.o
    0x08009dd2   0x08009dd2   0x00000002   PAD
    0x08009dd4   0x08009dd4   0x00000028   Code   RO        11688    i.netif_get_by_index  netif.o
    0x08009dfc   0x08009dfc   0x00000002   Code   RO        11690    i.netif_init        netif.o
    0x08009dfe   0x08009dfe   0x00000002   PAD
    0x08009e00   0x08009e00   0x0000005c   Code   RO        11692    i.netif_issue_reports  netif.o
    0x08009e5c   0x08009e5c   0x00000006   Code   RO        11694    i.netif_null_output_ip4  netif.o
    0x08009e62   0x08009e62   0x00000002   PAD
    0x08009e64   0x08009e64   0x00000064   Code   RO        11696    i.netif_set_addr    netif.o
    0x08009ec8   0x08009ec8   0x0000000c   Code   RO        11697    i.netif_set_default  netif.o
    0x08009ed4   0x08009ed4   0x00000044   Code   RO        11698    i.netif_set_down    netif.o
    0x08009f18   0x08009f18   0x00000040   Code   RO        11704    i.netif_set_up      netif.o
    0x08009f58   0x08009f58   0x00000006   Code   RO        11863    i.pbuf_add_header   pbuf.o
    0x08009f5e   0x08009f5e   0x00000002   PAD
    0x08009f60   0x08009f60   0x00000070   Code   RO        11865    i.pbuf_add_header_impl  pbuf.o
    0x08009fd0   0x08009fd0   0x000001c4   Code   RO        11866    i.pbuf_alloc        pbuf.o
    0x0800a194   0x0800a194   0x00000054   Code   RO        11867    i.pbuf_alloc_reference  pbuf.o
    0x0800a1e8   0x0800a1e8   0x00000036   Code   RO        11868    i.pbuf_alloced_custom  pbuf.o
    0x0800a21e   0x0800a21e   0x00000002   PAD
    0x0800a220   0x0800a220   0x000000c4   Code   RO        11869    i.pbuf_cat          pbuf.o
    0x0800a2e4   0x0800a2e4   0x00000014   Code   RO        11870    i.pbuf_chain        pbuf.o
    0x0800a2f8   0x0800a2f8   0x00000012   Code   RO        11871    i.pbuf_clen         pbuf.o
    0x0800a30a   0x0800a30a   0x00000002   PAD
    0x0800a30c   0x0800a30c   0x00000040   Code   RO        11872    i.pbuf_clone        pbuf.o
    0x0800a34c   0x0800a34c   0x00000164   Code   RO        11874    i.pbuf_copy         pbuf.o
    0x0800a4b0   0x0800a4b0   0x000000bc   Code   RO        11875    i.pbuf_copy_partial  pbuf.o
    0x0800a56c   0x0800a56c   0x000000f4   Code   RO        11877    i.pbuf_free         pbuf.o
    0x0800a660   0x0800a660   0x00000006   Code   RO        11882    i.pbuf_header_force  pbuf.o
    0x0800a666   0x0800a666   0x0000000e   Code   RO        11883    i.pbuf_header_impl  pbuf.o
    0x0800a674   0x0800a674   0x0000001c   Code   RO        11884    i.pbuf_init_alloced_pbuf  pbuf.o
    0x0800a690   0x0800a690   0x000000c0   Code   RO        11888    i.pbuf_realloc      pbuf.o
    0x0800a750   0x0800a750   0x0000003c   Code   RO        11889    i.pbuf_ref          pbuf.o
    0x0800a78c   0x0800a78c   0x00000074   Code   RO        11890    i.pbuf_remove_header  pbuf.o
    0x0800a800   0x0800a800   0x00000094   Code   RO        10296    i.pcb_new           api_msg.o
    0x0800a894   0x0800a894   0x00000128   Code   RO        11477    i.plug_holes        mem.o
    0x0800a9bc   0x0800a9bc   0x0000007c   Code   RO        10297    i.poll_tcp          api_msg.o
    0x0800aa38   0x0800aa38   0x00000094   Code   RO        14001    i.print_call_stack  cm_backtrace.o
    0x0800aacc   0x0800aacc   0x00000070   Code   RO         9402    i.prvAddCurrentTaskToDelayedList  tasks.o
    0x0800ab3c   0x0800ab3c   0x00000088   Code   RO         9403    i.prvAddNewTaskToReadyList  tasks.o
    0x0800abc4   0x0800abc4   0x00000050   Code   RO         9729    i.prvCheckForValidListAndQueue  timers.o
    0x0800ac14   0x0800ac14   0x00000054   Code   RO         9404    i.prvCheckTasksWaitingTermination  tasks.o
    0x0800ac68   0x0800ac68   0x00000028   Code   RO         9210    i.prvCopyDataFromQueue  queue.o
    0x0800ac90   0x0800ac90   0x0000006e   Code   RO         9211    i.prvCopyDataToQueue  queue.o
    0x0800acfe   0x0800acfe   0x00000014   Code   RO         9405    i.prvDeleteTCB      tasks.o
    0x0800ad12   0x0800ad12   0x00000002   PAD
    0x0800ad14   0x0800ad14   0x00000024   Code   RO         9730    i.prvGetNextExpireTime  timers.o
    0x0800ad38   0x0800ad38   0x0000004c   Code   RO         9948    i.prvHeapInit       heap_4.o
    0x0800ad84   0x0800ad84   0x00000028   Code   RO         9406    i.prvIdleTask       tasks.o
    0x0800adac   0x0800adac   0x00000018   Code   RO         9212    i.prvInitialiseMutex  queue.o
    0x0800adc4   0x0800adc4   0x00000018   Code   RO         9213    i.prvInitialiseNewQueue  queue.o
    0x0800addc   0x0800addc   0x000000b4   Code   RO         9407    i.prvInitialiseNewTask  tasks.o
    0x0800ae90   0x0800ae90   0x00000070   Code   RO         9731    i.prvInitialiseNewTimer  timers.o
    0x0800af00   0x0800af00   0x00000058   Code   RO         9408    i.prvInitialiseTaskLists  tasks.o
    0x0800af58   0x0800af58   0x00000054   Code   RO         9949    i.prvInsertBlockIntoFreeList  heap_4.o
    0x0800afac   0x0800afac   0x00000040   Code   RO         9732    i.prvInsertTimerInActiveList  timers.o
    0x0800afec   0x0800afec   0x0000001a   Code   RO         9214    i.prvIsQueueEmpty   queue.o
    0x0800b006   0x0800b006   0x0000001e   Code   RO         9215    i.prvIsQueueFull    queue.o
    0x0800b024   0x0800b024   0x00000084   Code   RO         9733    i.prvProcessExpiredTimer  timers.o
    0x0800b0a8   0x0800b0a8   0x000000e8   Code   RO         9734    i.prvProcessReceivedCommands  timers.o
    0x0800b190   0x0800b190   0x0000006c   Code   RO         9735    i.prvProcessTimerOrBlockTask  timers.o
    0x0800b1fc   0x0800b1fc   0x00000024   Code   RO         9409    i.prvResetNextTaskUnblockTime  tasks.o
    0x0800b220   0x0800b220   0x0000002c   Code   RO         9736    i.prvSampleTimeNow  timers.o
    0x0800b24c   0x0800b24c   0x00000094   Code   RO         9737    i.prvSwitchTimerLists  timers.o
    0x0800b2e0   0x0800b2e0   0x00000060   Code   RO         9860    i.prvTaskExitError  port.o
    0x0800b340   0x0800b340   0x00000014   Code   RO         9738    i.prvTimerTask      timers.o
    0x0800b354   0x0800b354   0x0000006a   Code   RO         9216    i.prvUnlockQueue    queue.o
    0x0800b3be   0x0800b3be   0x00000002   PAD
    0x0800b3c0   0x0800b3c0   0x0000000c   Code   RO        11478    i.ptr_to_mem        mem.o
    0x0800b3cc   0x0800b3cc   0x00000108   Code   RO         9950    i.pvPortMalloc      heap_4.o
    0x0800b4d4   0x0800b4d4   0x00000018   Code   RO         9411    i.pvTaskIncrementMutexHeldCount  tasks.o
    0x0800b4ec   0x0800b4ec   0x00000024   Code   RO         9861    i.pxPortInitialiseStack  port.o
    0x0800b510   0x0800b510   0x00000108   Code   RO        10298    i.recv_tcp          api_msg.o
    0x0800b618   0x0800b618   0x00000108   Code   RO        10299    i.recv_udp          api_msg.o
    0x0800b720   0x0800b720   0x00000070   Code   RO        10300    i.sent_tcp          api_msg.o
    0x0800b790   0x0800b790   0x00000044   Code   RO        10301    i.setup_tcp         api_msg.o
    0x0800b7d4   0x0800b7d4   0x0000001c   Code   RO        14002    i.statck_del_fpu_regs  cm_backtrace.o
    0x0800b7f0   0x0800b7f0   0x00000042   Code   RO        13793    i.sys_arch_mbox_fetch  sys_arch.o
    0x0800b832   0x0800b832   0x00000020   Code   RO        13794    i.sys_arch_mbox_tryfetch  sys_arch.o
    0x0800b852   0x0800b852   0x0000000a   Code   RO        13795    i.sys_arch_protect  sys_arch.o
    0x0800b85c   0x0800b85c   0x00000040   Code   RO        13796    i.sys_arch_sem_wait  sys_arch.o
    0x0800b89c   0x0800b89c   0x00000004   Code   RO        13798    i.sys_arch_unprotect  sys_arch.o
    0x0800b8a0   0x0800b8a0   0x00000044   Code   RO        12715    i.sys_check_timeouts  timeouts.o
    0x0800b8e4   0x0800b8e4   0x00000024   Code   RO        13799    i.sys_init          sys_arch.o
    0x0800b908   0x0800b908   0x00000014   Code   RO        13801    i.sys_mbox_free     sys_arch.o
    0x0800b91c   0x0800b91c   0x0000001c   Code   RO        13802    i.sys_mbox_new      sys_arch.o
    0x0800b938   0x0800b938   0x00000006   Code   RO        13804    i.sys_mbox_set_invalid  sys_arch.o
    0x0800b93e   0x0800b93e   0x0000001c   Code   RO        13805    i.sys_mbox_trypost  sys_arch.o
    0x0800b95a   0x0800b95a   0x0000000e   Code   RO        13807    i.sys_mbox_valid    sys_arch.o
    0x0800b968   0x0800b968   0x0000000c   Code   RO        13809    i.sys_mutex_lock    sys_arch.o
    0x0800b974   0x0800b974   0x0000003c   Code   RO        13810    i.sys_mutex_new     sys_arch.o
    0x0800b9b0   0x0800b9b0   0x0000000c   Code   RO        13812    i.sys_mutex_unlock  sys_arch.o
    0x0800b9bc   0x0800b9bc   0x00000010   Code   RO        13813    i.sys_now           sys_arch.o
    0x0800b9cc   0x0800b9cc   0x00000010   Code   RO        13814    i.sys_sem_free      sys_arch.o
    0x0800b9dc   0x0800b9dc   0x0000005c   Code   RO        13815    i.sys_sem_new       sys_arch.o
    0x0800ba38   0x0800ba38   0x00000006   Code   RO        13816    i.sys_sem_set_invalid  sys_arch.o
    0x0800ba3e   0x0800ba3e   0x00000002   PAD
    0x0800ba40   0x0800ba40   0x00000040   Code   RO        13817    i.sys_sem_signal    sys_arch.o
    0x0800ba80   0x0800ba80   0x0000000e   Code   RO        13818    i.sys_sem_valid     sys_arch.o
    0x0800ba8e   0x0800ba8e   0x00000002   PAD
    0x0800ba90   0x0800ba90   0x0000005c   Code   RO        13819    i.sys_thread_new    sys_arch.o
    0x0800baec   0x0800baec   0x00000060   Code   RO        12717    i.sys_timeout       timeouts.o
    0x0800bb4c   0x0800bb4c   0x000000a0   Code   RO        12718    i.sys_timeout_abs   timeouts.o
    0x0800bbec   0x0800bbec   0x00000024   Code   RO        12719    i.sys_timeouts_init  timeouts.o
    0x0800bc10   0x0800bc10   0x00000028   Code   RO        12720    i.sys_timeouts_sleeptime  timeouts.o
    0x0800bc38   0x0800bc38   0x0000013c   Code   RO        12145    i.tcp_abandon       tcp.o
    0x0800bd74   0x0800bd74   0x00000006   Code   RO        12146    i.tcp_abort         tcp.o
    0x0800bd7a   0x0800bd7a   0x0000000e   Code   RO        12147    i.tcp_accept        tcp.o
    0x0800bd88   0x0800bd88   0x000000ac   Code   RO        12149    i.tcp_alloc         tcp.o
    0x0800be34   0x0800be34   0x00000008   Code   RO        12150    i.tcp_arg           tcp.o
    0x0800be3c   0x0800be3c   0x00000044   Code   RO        12153    i.tcp_close         tcp.o
    0x0800be80   0x0800be80   0x00000150   Code   RO        12154    i.tcp_close_shutdown  tcp.o
    0x0800bfd0   0x0800bfd0   0x00000078   Code   RO        12155    i.tcp_close_shutdown_fin  tcp.o
    0x0800c048   0x0800c048   0x00000184   Code   RO        12156    i.tcp_connect       tcp.o
    0x0800c1cc   0x0800c1cc   0x0000011c   Code   RO        12554    i.tcp_create_segment  tcp_out.o
    0x0800c2e8   0x0800c2e8   0x0000005c   Code   RO        12158    i.tcp_eff_send_mss_netif  tcp.o
    0x0800c344   0x0800c344   0x000001bc   Code   RO        12555    i.tcp_enqueue_flags  tcp_out.o
    0x0800c500   0x0800c500   0x00000044   Code   RO        12159    i.tcp_err           tcp.o
    0x0800c544   0x0800c544   0x0000006c   Code   RO        12160    i.tcp_fasttmr       tcp.o
    0x0800c5b0   0x0800c5b0   0x00000030   Code   RO        12161    i.tcp_free          tcp.o
    0x0800c5e0   0x0800c5e0   0x000000d8   Code   RO        12470    i.tcp_free_acked_segments  tcp_in.o
    0x0800c6b8   0x0800c6b8   0x00000038   Code   RO        12162    i.tcp_free_listen   tcp.o
    0x0800c6f0   0x0800c6f0   0x00000028   Code   RO        12471    i.tcp_get_next_optbyte  tcp_in.o
    0x0800c718   0x0800c718   0x00000028   Code   RO        12163    i.tcp_handle_closepend  tcp.o
    0x0800c740   0x0800c740   0x00000002   Code   RO        12164    i.tcp_init          tcp.o
    0x0800c742   0x0800c742   0x00000002   PAD
    0x0800c744   0x0800c744   0x000005fc   Code   RO        12472    i.tcp_input         tcp_in.o
    0x0800cd40   0x0800cd40   0x00000070   Code   RO        12473    i.tcp_input_delayed_close  tcp_in.o
    0x0800cdb0   0x0800cdb0   0x00000068   Code   RO        12556    i.tcp_keepalive     tcp_out.o
    0x0800ce18   0x0800ce18   0x00000050   Code   RO        12165    i.tcp_kill_prio     tcp.o
    0x0800ce68   0x0800ce68   0x0000005c   Code   RO        12166    i.tcp_kill_state    tcp.o
    0x0800cec4   0x0800cec4   0x00000034   Code   RO        12167    i.tcp_kill_timewait  tcp.o
    0x0800cef8   0x0800cef8   0x0000005c   Code   RO        12168    i.tcp_listen_closed  tcp.o
    0x0800cf54   0x0800cf54   0x00000134   Code   RO        12474    i.tcp_listen_input  tcp_in.o
    0x0800d088   0x0800d088   0x0000004c   Code   RO        12171    i.tcp_netif_ip_addr_changed  tcp.o
    0x0800d0d4   0x0800d0d4   0x00000064   Code   RO        12172    i.tcp_netif_ip_addr_changed_pcblist  tcp.o
    0x0800d138   0x0800d138   0x00000006   Code   RO        12174    i.tcp_new_ip_type   tcp.o
    0x0800d13e   0x0800d13e   0x00000002   PAD
    0x0800d140   0x0800d140   0x00000058   Code   RO        12175    i.tcp_new_port      tcp.o
    0x0800d198   0x0800d198   0x00000038   Code   RO        12176    i.tcp_next_iss      tcp.o
    0x0800d1d0   0x0800d1d0   0x00000284   Code   RO        12557    i.tcp_output        tcp_out.o
    0x0800d454   0x0800d454   0x0000006c   Code   RO        12558    i.tcp_output_alloc_header  tcp_out.o
    0x0800d4c0   0x0800d4c0   0x000000b0   Code   RO        12559    i.tcp_output_alloc_header_common  tcp_out.o
    0x0800d570   0x0800d570   0x0000007c   Code   RO        12560    i.tcp_output_control_segment  tcp_out.o
    0x0800d5ec   0x0800d5ec   0x00000070   Code   RO        12561    i.tcp_output_fill_options  tcp_out.o
    0x0800d65c   0x0800d65c   0x00000164   Code   RO        12562    i.tcp_output_segment  tcp_out.o
    0x0800d7c0   0x0800d7c0   0x00000048   Code   RO        12563    i.tcp_output_segment_busy  tcp_out.o
    0x0800d808   0x0800d808   0x00000098   Code   RO        12475    i.tcp_parseopt      tcp_in.o
    0x0800d8a0   0x0800d8a0   0x000000e0   Code   RO        12564    i.tcp_pbuf_prealloc  tcp_out.o
    0x0800d980   0x0800d980   0x00000064   Code   RO        12177    i.tcp_pcb_purge     tcp.o
    0x0800d9e4   0x0800d9e4   0x000000ec   Code   RO        12178    i.tcp_pcb_remove    tcp.o
    0x0800dad0   0x0800dad0   0x00000064   Code   RO        12179    i.tcp_poll          tcp.o
    0x0800db34   0x0800db34   0x0000050a   Code   RO        12476    i.tcp_process       tcp_in.o
    0x0800e03e   0x0800e03e   0x00000002   PAD
    0x0800e040   0x0800e040   0x000000a8   Code   RO        12180    i.tcp_process_refused_data  tcp.o
    0x0800e0e8   0x0800e0e8   0x00000570   Code   RO        12477    i.tcp_receive       tcp_in.o
    0x0800e658   0x0800e658   0x00000044   Code   RO        12181    i.tcp_recv          tcp.o
    0x0800e69c   0x0800e69c   0x00000050   Code   RO        12182    i.tcp_recv_null     tcp.o
    0x0800e6ec   0x0800e6ec   0x0000009c   Code   RO        12183    i.tcp_recved        tcp.o
    0x0800e788   0x0800e788   0x0000004c   Code   RO        12184    i.tcp_remove_listener  tcp.o
    0x0800e7d4   0x0800e7d4   0x0000008c   Code   RO        12565    i.tcp_rexmit        tcp_out.o
    0x0800e860   0x0800e860   0x00000088   Code   RO        12566    i.tcp_rexmit_fast   tcp_out.o
    0x0800e8e8   0x0800e8e8   0x00000040   Code   RO        12567    i.tcp_rexmit_rto    tcp_out.o
    0x0800e928   0x0800e928   0x0000004c   Code   RO        12568    i.tcp_rexmit_rto_commit  tcp_out.o
    0x0800e974   0x0800e974   0x000000a0   Code   RO        12569    i.tcp_rexmit_rto_prepare  tcp_out.o
    0x0800ea14   0x0800ea14   0x00000012   Code   RO        12570    i.tcp_route         tcp_out.o
    0x0800ea26   0x0800ea26   0x00000002   PAD
    0x0800ea28   0x0800ea28   0x000000a8   Code   RO        12571    i.tcp_rst           tcp_out.o
    0x0800ead0   0x0800ead0   0x0000001e   Code   RO        12185    i.tcp_seg_free      tcp.o
    0x0800eaee   0x0800eaee   0x00000012   Code   RO        12186    i.tcp_segs_free     tcp.o
    0x0800eb00   0x0800eb00   0x0000008c   Code   RO        12572    i.tcp_send_empty_ack  tcp_out.o
    0x0800eb8c   0x0800eb8c   0x0000006c   Code   RO        12573    i.tcp_send_fin      tcp_out.o
    0x0800ebf8   0x0800ebf8   0x00000044   Code   RO        12187    i.tcp_sent          tcp.o
    0x0800ec3c   0x0800ec3c   0x00000090   Code   RO        12189    i.tcp_shutdown      tcp.o
    0x0800eccc   0x0800eccc   0x00000520   Code   RO        12190    i.tcp_slowtmr       tcp.o
    0x0800f1ec   0x0800f1ec   0x000001bc   Code   RO        12574    i.tcp_split_unsent_seg  tcp_out.o
    0x0800f3a8   0x0800f3a8   0x00000034   Code   RO        12722    i.tcp_timer_needed  timeouts.o
    0x0800f3dc   0x0800f3dc   0x00000098   Code   RO        12478    i.tcp_timewait_input  tcp_in.o
    0x0800f474   0x0800f474   0x00000020   Code   RO        12192    i.tcp_tmr           tcp.o
    0x0800f494   0x0800f494   0x00000010   Code   RO        12479    i.tcp_trigger_input_pcb_close  tcp_in.o
    0x0800f4a4   0x0800f4a4   0x00000090   Code   RO        12194    i.tcp_update_rcv_ann_wnd  tcp.o
    0x0800f534   0x0800f534   0x000005fc   Code   RO        12575    i.tcp_write         tcp_out.o
    0x0800fb30   0x0800fb30   0x00000110   Code   RO        12576    i.tcp_write_checks  tcp_out.o
    0x0800fc40   0x0800fc40   0x000000ec   Code   RO        12577    i.tcp_zero_window_probe  tcp_out.o
    0x0800fd2c   0x0800fd2c   0x0000009c   Code   RO        11033    i.tcpip_init        tcpip.o
    0x0800fdc8   0x0800fdc8   0x00000064   Code   RO        11034    i.tcpip_inpkt       tcpip.o
    0x0800fe2c   0x0800fe2c   0x00000020   Code   RO        11035    i.tcpip_input       tcpip.o
    0x0800fe4c   0x0800fe4c   0x00000020   Code   RO        11036    i.tcpip_send_msg_wait_sem  tcpip.o
    0x0800fe6c   0x0800fe6c   0x00000038   Code   RO        12723    i.tcpip_tcp_timer   timeouts.o
    0x0800fea4   0x0800fea4   0x00000058   Code   RO        11037    i.tcpip_thread      tcpip.o
    0x0800fefc   0x0800fefc   0x00000074   Code   RO        11038    i.tcpip_thread_handle_msg  tcpip.o
    0x0800ff70   0x0800ff70   0x0000005c   Code   RO        11039    i.tcpip_timeouts_mbox_fetch  tcpip.o
    0x0800ffcc   0x0800ffcc   0x000000a8   Code   RO        12803    i.udp_bind          udp.o
    0x08010074   0x08010074   0x000000a4   Code   RO        12805    i.udp_connect       udp.o
    0x08010118   0x08010118   0x00000002   Code   RO        12807    i.udp_init          udp.o
    0x0801011a   0x0801011a   0x00000002   PAD
    0x0801011c   0x0801011c   0x000001b0   Code   RO        12808    i.udp_input         udp.o
    0x080102cc   0x080102cc   0x000000b4   Code   RO        12809    i.udp_input_local_match  udp.o
    0x08010380   0x08010380   0x00000034   Code   RO        12810    i.udp_netif_ip_addr_changed  udp.o
    0x080103b4   0x080103b4   0x0000001c   Code   RO        12811    i.udp_new           udp.o
    0x080103d0   0x080103d0   0x00000004   Code   RO        12812    i.udp_new_ip_type   udp.o
    0x080103d4   0x080103d4   0x00000048   Code   RO        12813    i.udp_new_port      udp.o
    0x0801041c   0x0801041c   0x00000028   Code   RO        12814    i.udp_recv          udp.o
    0x08010444   0x08010444   0x00000050   Code   RO        12815    i.udp_remove        udp.o
    0x08010494   0x08010494   0x000000dc   Code   RO        12818    i.udp_sendto_if     udp.o
    0x08010570   0x08010570   0x000001e4   Code   RO        12819    i.udp_sendto_if_src  udp.o
    0x08010754   0x08010754   0x00000068   Code   RO         9412    i.ulTaskNotifyTake  tasks.o
    0x080107bc   0x080107bc   0x00000024   Code   RO         9161    i.uxListRemove      list.o
    0x080107e0   0x080107e0   0x0000004c   Code   RO         9217    i.uxQueueMessagesWaiting  queue.o
    0x0801082c   0x0801082c   0x00000016   Code   RO         9162    i.vListInitialise   list.o
    0x08010842   0x08010842   0x00000006   Code   RO         9163    i.vListInitialiseItem  list.o
    0x08010848   0x08010848   0x00000030   Code   RO         9164    i.vListInsert       list.o
    0x08010878   0x08010878   0x00000018   Code   RO         9165    i.vListInsertEnd    list.o
    0x08010890   0x08010890   0x00000074   Code   RO         9863    i.vPortEnterCritical  port.o
    0x08010904   0x08010904   0x00000064   Code   RO         9864    i.vPortExitCritical  port.o
    0x08010968   0x08010968   0x00000098   Code   RO         9951    i.vPortFree         heap_4.o
    0x08010a00   0x08010a00   0x00000020   Code   RO         9865    i.vPortSetupTimerInterrupt  port.o
    0x08010a20   0x08010a20   0x00000088   Code   RO         9866    i.vPortValidateInterruptPriority  port.o
    0x08010aa8   0x08010aa8   0x00000024   Code   RO         9220    i.vQueueAddToRegistry  queue.o
    0x08010acc   0x08010acc   0x0000004c   Code   RO         9221    i.vQueueDelete      queue.o
    0x08010b18   0x08010b18   0x00000028   Code   RO         9222    i.vQueueUnregisterQueue  queue.o
    0x08010b40   0x08010b40   0x00000046   Code   RO         9223    i.vQueueWaitForMessageRestricted  queue.o
    0x08010b86   0x08010b86   0x00000002   PAD
    0x08010b88   0x08010b88   0x00000074   Code   RO         9417    i.vTaskDelay        tasks.o
    0x08010bfc   0x08010bfc   0x000000d0   Code   RO         9419    i.vTaskDelete       tasks.o
    0x08010ccc   0x08010ccc   0x0000000c   Code   RO         9421    i.vTaskMissedYield  tasks.o
    0x08010cd8   0x08010cd8   0x000000dc   Code   RO         9422    i.vTaskNotifyGiveFromISR  tasks.o
    0x08010db4   0x08010db4   0x0000005c   Code   RO         9423    i.vTaskPlaceOnEventList  tasks.o
    0x08010e10   0x08010e10   0x00000064   Code   RO         9424    i.vTaskPlaceOnEventListRestricted  tasks.o
    0x08010e74   0x08010e74   0x00000088   Code   RO         9426    i.vTaskPriorityInherit  tasks.o
    0x08010efc   0x08010efc   0x0000004c   Code   RO         9429    i.vTaskSetTimeOutState  tasks.o
    0x08010f48   0x08010f48   0x00000098   Code   RO         9430    i.vTaskStartScheduler  tasks.o
    0x08010fe0   0x08010fe0   0x00000010   Code   RO         9432    i.vTaskSuspendAll   tasks.o
    0x08010ff0   0x08010ff0   0x00000084   Code   RO         9433    i.vTaskSwitchContext  tasks.o
    0x08011074   0x08011074   0x0000010c   Code   RO         9867    i.xPortStartScheduler  port.o
    0x08011180   0x08011180   0x0000002c   Code   RO         9868    i.xPortSysTickHandler  port.o
    0x080111ac   0x080111ac   0x00000060   Code   RO         9224    i.xQueueCreateCountingSemaphore  queue.o
    0x0801120c   0x0801120c   0x00000018   Code   RO         9225    i.xQueueCreateMutex  queue.o
    0x08011224   0x08011224   0x00000068   Code   RO         9226    i.xQueueGenericCreate  queue.o
    0x0801128c   0x0801128c   0x000001a4   Code   RO         9227    i.xQueueGenericReceive  queue.o
    0x08011430   0x08011430   0x000000b0   Code   RO         9228    i.xQueueGenericReset  queue.o
    0x080114e0   0x080114e0   0x0000017c   Code   RO         9229    i.xQueueGenericSend  queue.o
    0x0801165c   0x0801165c   0x000000d8   Code   RO         9230    i.xQueueGenericSendFromISR  queue.o
    0x08011734   0x08011734   0x000000bc   Code   RO         9231    i.xQueueGiveFromISR  queue.o
    0x080117f0   0x080117f0   0x00000094   Code   RO         9434    i.xTaskCheckForTimeOut  tasks.o
    0x08011884   0x08011884   0x00000060   Code   RO         9435    i.xTaskCreate       tasks.o
    0x080118e4   0x080118e4   0x000000f0   Code   RO         9436    i.xTaskGenericNotify  tasks.o
    0x080119d4   0x080119d4   0x0000001c   Code   RO         9439    i.xTaskGetSchedulerState  tasks.o
    0x080119f0   0x080119f0   0x0000000c   Code   RO         9440    i.xTaskGetTickCount  tasks.o
    0x080119fc   0x080119fc   0x000000f0   Code   RO         9442    i.xTaskIncrementTick  tasks.o
    0x08011aec   0x08011aec   0x000000b8   Code   RO         9445    i.xTaskPriorityDisinherit  tasks.o
    0x08011ba4   0x08011ba4   0x000000a0   Code   RO         9446    i.xTaskRemoveFromEventList  tasks.o
    0x08011c44   0x08011c44   0x000000f0   Code   RO         9448    i.xTaskResumeAll    tasks.o
    0x08011d34   0x08011d34   0x0000002e   Code   RO         9741    i.xTimerCreate      timers.o
    0x08011d62   0x08011d62   0x00000002   PAD
    0x08011d64   0x08011d64   0x00000078   Code   RO         9742    i.xTimerCreateTimerTask  timers.o
    0x08011ddc   0x08011ddc   0x000000a0   Code   RO         9743    i.xTimerGenericCommand  timers.o
    0x08011e7c   0x08011e7c   0x00000010   Data   RO            6    .constdata          system_stm32f4xx.o
    0x08011e8c   0x08011e8c   0x00000008   Data   RO            7    .constdata          system_stm32f4xx.o
    0x08011e94   0x08011e94   0x00000008   Data   RO         1606    .constdata          stm32f4xx_hal_dma.o
    0x08011e9c   0x08011e9c   0x00000003   Data   RO        10302    .constdata          api_msg.o
    0x08011e9f   0x08011e9f   0x00000001   PAD
    0x08011ea0   0x08011ea0   0x0000000c   Data   RO        11563    .constdata          memp.o
    0x08011eac   0x08011eac   0x0000000c   Data   RO        11564    .constdata          memp.o
    0x08011eb8   0x08011eb8   0x0000000c   Data   RO        11565    .constdata          memp.o
    0x08011ec4   0x08011ec4   0x0000000c   Data   RO        11566    .constdata          memp.o
    0x08011ed0   0x08011ed0   0x0000000c   Data   RO        11567    .constdata          memp.o
    0x08011edc   0x08011edc   0x0000000c   Data   RO        11568    .constdata          memp.o
    0x08011ee8   0x08011ee8   0x0000000c   Data   RO        11569    .constdata          memp.o
    0x08011ef4   0x08011ef4   0x0000000c   Data   RO        11570    .constdata          memp.o
    0x08011f00   0x08011f00   0x0000000c   Data   RO        11571    .constdata          memp.o
    0x08011f0c   0x08011f0c   0x0000000c   Data   RO        11572    .constdata          memp.o
    0x08011f18   0x08011f18   0x0000000c   Data   RO        11573    .constdata          memp.o
    0x08011f24   0x08011f24   0x0000000c   Data   RO        11574    .constdata          memp.o
    0x08011f30   0x08011f30   0x0000000c   Data   RO        11575    .constdata          memp.o
    0x08011f3c   0x08011f3c   0x00000034   Data   RO        11576    .constdata          memp.o
    0x08011f70   0x08011f70   0x00000054   Data   RO        12195    .constdata          tcp.o
    0x08011fc4   0x08011fc4   0x00000028   Data   RO        12724    .constdata          timeouts.o
    0x08011fec   0x08011fec   0x00000004   Data   RO        13427    .constdata          ip4_addr.o
    0x08011ff0   0x08011ff0   0x00000004   Data   RO        13428    .constdata          ip4_addr.o
    0x08011ff4   0x08011ff4   0x00000006   Data   RO        13572    .constdata          ethernet.o
    0x08011ffa   0x08011ffa   0x00000006   Data   RO        13573    .constdata          ethernet.o
    0x08012000   0x08012000   0x000000dc   Data   RO        14004    .constdata          cm_backtrace.o
    0x080120dc   0x080120dc   0x00000081   Data   RO        14072    .constdata          mc_w.l(ctype_o.o)
    0x0801215d   0x0801215d   0x00000003   PAD
    0x08012160   0x08012160   0x00000004   Data   RO        14073    .constdata          mc_w.l(ctype_o.o)
    0x08012164   0x08012164   0x00000054   Data   RO         8968    .conststring        bsp_i2c_ee.o
    0x080121b8   0x080121b8   0x00000075   Data   RO        12196    .conststring        tcp.o
    0x0801222d   0x0801222d   0x00000003   PAD
    0x08012230   0x08012230   0x00000055   Data   RO        12578    .conststring        tcp_out.o
    0x08012285   0x08012285   0x00000003   PAD
    0x08012288   0x08012288   0x00000042   Data   RO        12993    .conststring        dhcp.o
    0x080122ca   0x080122ca   0x00000002   PAD
    0x080122cc   0x080122cc   0x00000041   Data   RO        13201    .conststring        etharp.o
    0x0801230d   0x0801230d   0x00000003   PAD
    0x08012310   0x08012310   0x00000815   Data   RO        14005    .conststring        cm_backtrace.o
    0x08012b25   0x08012b25   0x00000003   PAD
    0x08012b28   0x08012b28   0x00000020   Data   RO        14448    Region$$Table       anon$$obj.o


    Execution Region RW_IRAM1 (Exec base: 0x20000000, Load base: 0x08012b48, Size: 0x0001c208, Max: 0x00020000, ABSOLUTE, COMPRESSED[0x00000020])

    Exec Addr    Load Addr    Size         Type   Attr      Idx    E Section Name        Object

    0x20000000   COMPRESSED   0x00000004   Data   RW            8    .data               system_stm32f4xx.o
    0x20000004   COMPRESSED   0x0000000c   Data   RW          280    .data               stm32f4xx_hal.o
    0x20000010   COMPRESSED   0x0000000c   Data   RW         8317    .data               main.o
    0x2000001c   COMPRESSED   0x00000018   Data   RW         8838    .data               client.o
    0x20000034   COMPRESSED   0x0000003c   Data   RW         9451    .data               tasks.o
    0x20000070   COMPRESSED   0x00000014   Data   RW         9749    .data               timers.o
    0x20000084   COMPRESSED   0x0000000c   Data   RW         9869    .data               port.o
    0x20000090   COMPRESSED   0x00000018   Data   RW         9956    .data               heap_4.o
    0x200000a8   COMPRESSED   0x00000010   Data   RW        11041    .data               tcpip.o
    0x200000b8   COMPRESSED   0x00000010   Data   RW        11480    .data               mem.o
    0x200000c8   COMPRESSED   0x00000004   Data   RW        11577    .data               memp.o
    0x200000cc   COMPRESSED   0x00000004   Data   RW        11578    .data               memp.o
    0x200000d0   COMPRESSED   0x00000004   Data   RW        11579    .data               memp.o
    0x200000d4   COMPRESSED   0x00000004   Data   RW        11580    .data               memp.o
    0x200000d8   COMPRESSED   0x00000004   Data   RW        11581    .data               memp.o
    0x200000dc   COMPRESSED   0x00000004   Data   RW        11582    .data               memp.o
    0x200000e0   COMPRESSED   0x00000004   Data   RW        11583    .data               memp.o
    0x200000e4   COMPRESSED   0x00000004   Data   RW        11584    .data               memp.o
    0x200000e8   COMPRESSED   0x00000004   Data   RW        11585    .data               memp.o
    0x200000ec   COMPRESSED   0x00000004   Data   RW        11586    .data               memp.o
    0x200000f0   COMPRESSED   0x00000004   Data   RW        11587    .data               memp.o
    0x200000f4   COMPRESSED   0x00000004   Data   RW        11588    .data               memp.o
    0x200000f8   COMPRESSED   0x00000004   Data   RW        11589    .data               memp.o
    0x200000fc   COMPRESSED   0x0000000c   Data   RW        11705    .data               netif.o
    0x20000108   COMPRESSED   0x00000020   Data   RW        12197    .data               tcp.o
    0x20000128   COMPRESSED   0x00000024   Data   RW        12481    .data               tcp_in.o
    0x2000014c   COMPRESSED   0x0000000c   Data   RW        12726    .data               timeouts.o
    0x20000158   COMPRESSED   0x00000008   Data   RW        12820    .data               udp.o
    0x20000160   COMPRESSED   0x00000014   Data   RW        12994    .data               dhcp.o
    0x20000174   COMPRESSED   0x00000001   Data   RW        13202    .data               etharp.o
    0x20000175   COMPRESSED   0x00000001   PAD
    0x20000176   COMPRESSED   0x00000002   Data   RW        13361    .data               ip4.o
    0x20000178   COMPRESSED   0x00000008   Data   RW        13500    .data               ip4_frag.o
    0x20000180   COMPRESSED   0x00000010   Data   RW        13742    .data               ethernetif.o
    0x20000190   COMPRESSED   0x00000014   Data   RW        13821    .data               sys_arch.o
    0x200001a4   COMPRESSED   0x00000018   Data   RW        14006    .data               cm_backtrace.o
    0x200001bc   COMPRESSED   0x00000004   Data   RW        14400    .data               mc_w.l(stdout.o)
    0x200001c0        -       0x000004a0   Zero   RW         8634    .bss                bsp_debug_usart.o
    0x20000660        -       0x00006188   Zero   RW         8702    .bss                bsp_eth.o
    0x200067e8        -       0x00000068   Zero   RW         8966    .bss                bsp_i2c_ee.o
    0x20006850        -       0x00000050   Zero   RW         9238    .bss                queue.o
    0x200068a0        -       0x000002e4   Zero   RW         9450    .bss                tasks.o
    0x20006b84        -       0x00000028   Zero   RW         9748    .bss                timers.o
    0x20006bac        -       0x00006400   Zero   RW         9955    .bss                heap_4.o
    0x2000cfac        -       0x00000018   Zero   RW        11446    .bss                ip.o
    0x2000cfc4        -       0x00006413   Zero   RW        11479    .bss                mem.o
    0x200133d7        -       0x00000083   Zero   RW        11550    .bss                memp.o
    0x2001345a        -       0x00000263   Zero   RW        11551    .bss                memp.o
    0x200136bd        -       0x0000003b   Zero   RW        11552    .bss                memp.o
    0x200136f8        -       0x00000783   Zero   RW        11553    .bss                memp.o
    0x20013e7b        -       0x000000a3   Zero   RW        11554    .bss                memp.o
    0x20013f1e        -       0x0000016b   Zero   RW        11555    .bss                memp.o
    0x20014089        -       0x00000023   Zero   RW        11556    .bss                memp.o
    0x200140ac        -       0x000000a3   Zero   RW        11557    .bss                memp.o
    0x2001414f        -       0x00000083   Zero   RW        11558    .bss                memp.o
    0x200141d2        -       0x00000083   Zero   RW        11559    .bss                memp.o
    0x20014255        -       0x00000063   Zero   RW        11560    .bss                memp.o
    0x200142b8        -       0x000000f3   Zero   RW        11561    .bss                memp.o
    0x200143ab        -       0x000077b3   Zero   RW        11562    .bss                memp.o
    0x2001bb5e   COMPRESSED   0x00000002   PAD
    0x2001bb60        -       0x00000010   Zero   RW        12480    .bss                tcp_in.o
    0x2001bb70        -       0x00000020   Zero   RW        12992    .bss                dhcp.o
    0x2001bb90        -       0x000000f0   Zero   RW        13200    .bss                etharp.o
    0x2001bc80        -       0x00000054   Zero   RW        13820    .bss                sys_arch.o
    0x2001bcd4        -       0x00000134   Zero   RW        14003    .bss                cm_backtrace.o
    0x2001be08        -       0x00000400   Zero   RW          245    STACK               startup_stm32f407xx.o


==============================================================================

Image component sizes


      Code (inc. data)   RO Data    RW Data    ZI Data      Debug   Object Name

      1542        494          0          0          0      42056   api_lib.o
      4450       1388          3          0          0      34755   api_msg.o
       376         48          0          0          0       6387   board.o
       436         50          0          0       1184       4334   bsp_debug_usart.o
       662        114          0          0      24968       5628   bsp_eth.o
       690        170         84          0        104       6037   bsp_i2c_ee.o
       124          8          0          0          0        950   bsp_led.o
       872        336          0         24          0       8998   client.o
      1836        360       2289         24        308       9478   cm_backtrace.o
        12          0          0          0          0        436   cmb_fault.o
        34          0          0          0          0        978   def.o
      4942        872         66         20         32      30204   dhcp.o
      2216        516         65          1        240      11831   etharp.o
       308         56         12          0          0       2534   ethernet.o
       892        110          0         16          0       5204   ethernetif.o
         0          0          0          0          0       1484   event_groups.o
       576        130          0         24      25600       4019   heap_4.o
       620        160          0          0          0       4294   icmp.o
       160          0          0          0          0       2142   inet_chksum.o
        34          0          0          0          0       1492   init.o
       152         24          0          0          0       1489   input.o
       164         22          0          0          0       1219   input_exti.o
         0          0          0          0         24       3094   ip.o
       894         92          0          2          0       5604   ip4.o
        64          0          8          0          0       8530   ip4_addr.o
      2170        462          0          8          0      12242   ip4_frag.o
       136          0          0          0          0       3174   list.o
       940        622          0         12          0      19375   main.o
      1716        604          0         16      25619       7977   mem.o
       358        148        208         52      34695      10404   memp.o
       108         28          0          0          0      10270   netbuf.o
         0          0          0          0          0       2012   netdb.o
       906        276          0         12          0      14582   netif.o
      2210        816          0          0          0      18511   pbuf.o
      1010        364          0         12          0      10581   port.o
      2262        390          0          0         80      17757   queue.o
        36          8        392          0       1024        920   startup_stm32f407xx.o
       190         32          0         12          0       5602   stm32f4xx_hal.o
       222         14          0          0          0      31129   stm32f4xx_hal_cortex.o
      1038         14          8          0          0       6646   stm32f4xx_hal_dma.o
      2302         72          0          0          0      15009   stm32f4xx_hal_eth.o
       820         94          0          0          0       4772   stm32f4xx_hal_gpio.o
      2752         54          0          0          0      14805   stm32f4xx_hal_i2c.o
      1420         72          0          0          0       6192   stm32f4xx_hal_rcc.o
      1674         28          0          0          0      11514   stm32f4xx_hal_uart.o
       134          8          0          0          0      30527   stm32f4xx_it.o
       860        190          0         20         84      14393   sys_arch.o
        84         18         24          4          0     697219   system_stm32f4xx.o
      3432        848          0         60        740      32620   tasks.o
      5216       1656        201         32          0      39385   tcp.o
      5210       1050          0         36         16      20751   tcp_in.o
      6142       1936         85          0          0      32726   tcp_out.o
       616        200          0         16          0      10269   tcpip.o
       572        186         40         12          0       6807   timeouts.o
      1302        354          0         20         40      10598   timers.o
      1926        668          0          8          0      12351   udp.o

    ----------------------------------------------------------------------
     69896      16162       3532        444     114760    1334297   Object Totals
         0          0         32          0          0          0   (incl. Generated)
        76          0         15          1          2          0   (incl. Padding)

    ----------------------------------------------------------------------

      Code (inc. data)   RO Data    RW Data    ZI Data      Debug   Library Member Name

        56          8          0          0          0         84   __0sscanf.o
        58          0          0          0          0          0   __dczerorl.o
        28          0          0          0          0         68   _chval.o
       816          6          0          0          0        112   _scanf.o
       332          0          0          0          0         96   _scanf_int.o
        64          0          0          0          0         84   _sgetc.o
         8          4        133          0          0         68   ctype_o.o
         0          0          0          0          0          0   entry.o
         0          0          0          0          0          0   entry10a.o
         0          0          0          0          0          0   entry11a.o
         4          0          0          0          0          0   entry12b.o
         8          4          0          0          0          0   entry2.o
         4          0          0          0          0          0   entry5.o
         0          0          0          0          0          0   entry7b.o
         0          0          0          0          0          0   entry8b.o
         8          4          0          0          0          0   entry9a.o
        30          0          0          0          0          0   handlers.o
        36          8          0          0          0         68   init.o
        18          0          0          0          0         76   isspace_o.o
        30          0          0          0          0         68   llshl.o
        32          0          0          0          0         68   llushr.o
        26          0          0          0          0         80   memcmp.o
        64          0          0          0          0         76   memmovea.o
        36          0          0          0          0        108   memseta.o
      1192         60          0          0          0        504   printf8.o
        40          8          0          0          0         84   scanf_char.o
         0          0          0          4          0          0   stdout.o
        30          0          0          0          0         80   strncmp.o
        24          0          0          0          0         76   strncpy.o
        98          0          0          0          0         92   uldiv.o

    ----------------------------------------------------------------------
      3052        102        136          4          0       1892   Library Totals
        10          0          3          0          0          0   (incl. Padding)

    ----------------------------------------------------------------------

      Code (inc. data)   RO Data    RW Data    ZI Data      Debug   Library Name

      3042        102        133          4          0       1892   mc_w.l

    ----------------------------------------------------------------------
      3052        102        136          4          0       1892   Library Totals

    ----------------------------------------------------------------------

==============================================================================


      Code (inc. data)   RO Data    RW Data    ZI Data      Debug   

     72948      16264       3668        448     114760    1286537   Grand Totals
     72948      16264       3668         32     114760    1286537   ELF Image Totals (compressed)
     72948      16264       3668         32          0          0   ROM Totals

==============================================================================

    Total RO  Size (Code + RO Data)                76616 (  74.82kB)
    Total RW  Size (RW Data + ZI Data)            115208 ( 112.51kB)
    Total ROM Size (Code + RO Data + RW Data)      76648 (  74.85kB)

==============================================================================

